warning: unused variable 'unused3' [-Wunused-variable]
  173 |     sb32 unused3;
      |          ^~~~~~~
D:/Stuff/DevFolder/Smash64DS_Port/decomp/BattleShip-main/decomp/src/ft/ftmain.c:171:9: warning: unused variable 'script_id' [-Wunused-variable]
  171 |     s32 script_id;
      |         ^~~~~~~~~
D:/Stuff/DevFolder/Smash64DS_Port/decomp/BattleShip-main/decomp/src/ft/ftmain.c:161:9: warning: unused variable 'sfx_id' [-Wunused-variable]
  161 |     u32 sfx_id;
      |         ^~~~~~
D:/Stuff/DevFolder/Smash64DS_Port/decomp/BattleShip-main/decomp/src/ft/ftmain.c:160:9: warning: unused variable 'group_id' [-Wunused-variable]
  160 |     s32 group_id;
      |         ^~~~~~~~
D:/Stuff/DevFolder/Smash64DS_Port/decomp/BattleShip-main/decomp/src/ft/ftmain.c:157:9: warning: unused variable 'unused2' [-Wunused-variable]
  157 |     s32 unused2;
      |         ^~~~~~~
D:/Stuff/DevFolder/Smash64DS_Port/decomp/BattleShip-main/decomp/src/ft/ftmain.c:154:9: warning: unused variable 'unused1' [-Wunused-variable]
  154 |     s32 unused1;
      |         ^~~~~~~
D:/Stuff/DevFolder/Smash64DS_Port/decomp/BattleShip-main/decomp/src/ft/ftmain.c: In function 'ftMainUpdateColAnim':
D:/Stuff/DevFolder/Smash64DS_Port/decomp/BattleShip-main/decomp/src/ft/ftmain.c:1016:73: warning: assignment to 'void *' from 'unsigned int:26' makes pointer from integer without a cast [-Wint-conversion]
 1016 |                 colanim->cs[i].p_subroutine[colanim->cs[i].script_id++] = gmColEventCast(colanim->cs[i].p_script, GMColEventDefault)->value,
      |                                                                         ^
D:/Stuff/DevFolder/Smash64DS_Port/decomp/BattleShip-main/decomp/src/ft/ftmain.c:969:24: warning: unused variable 'def' [-Wunused-variable]
  969 |     GMColEventDefault *def;
      |                        ^~~
D:/Stuff/DevFolder/Smash64DS_Port/decomp/BattleShip-main/decomp/src/ft/ftmain.c:965:11: warning: unused variable 'p_script' [-Wunused-variable]
  965 |     void *p_script;
      |           ^~~~~~~~
D:/Stuff/DevFolder/Smash64DS_Port/decomp/BattleShip-main/decomp/src/ft/ftmain.c: In function 'battleship_ftMainSetHitHazard':
D:/Stuff/DevFolder/Smash64DS_Port/decomp/BattleShip-main/decomp/src/ft/ftmain.c:1665:67: warning: unused parameter 'fp' [-Wunused-parameter]
 1665 | void ftMainSetHitHazard(GObj *gobj, GObj *fighter_gobj, FTStruct *fp, s32 kind)
      |                                                         ~~~~~~~~~~^~
D:/Stuff/DevFolder/Smash64DS_Port/decomp/BattleShip-main/decomp/src/ft/ftmain.c: In function 'ftMainProcPhysicsMap':
D:/Stuff/DevFolder/Smash64DS_Port/decomp/BattleShip-main/decomp/src/ft/ftmain.c:1748:9: warning: unused variable 'tan' [-Wunused-variable]
 1748 |     f32 tan;
      |         ^~~
D:/Stuff/DevFolder/Smash64DS_Port/decomp/BattleShip-main/decomp/src/ft/ftmain.c:1746:9: warning: unused variable 'unused' [-Wunused-variable]
 1746 |     s32 unused[2];
      |         ^~~~~~
D:/Stuff/DevFolder/Smash64DS_Port/decomp/BattleShip-main/decomp/src/ft/ftmain.c: In function 'battleship_ftMainSetHitInteractStats':
D:/Stuff/DevFolder/Smash64DS_Port/decomp/BattleShip-main/decomp/src/ft/ftmain.c:1946:48: warning: suggest braces around empty body in an 'if' statement [-Wempty-body]
 1946 |         if (i == ARRAY_COUNT(fp->attack_colls)); // WAT
      |                                                ^
D:/Stuff/DevFolder/Smash64DS_Port/decomp/BattleShip-main/decomp/src/ft/ftmain.c: In function 'battleship_ftMainUpdateCatchStatFighter':
D:/Stuff/DevFolder/Smash64DS_Port/decomp/BattleShip-main/decomp/src/ft/ftmain.c:2087:95: warning: unused parameter 'victim_fp' [-Wunused-parameter]
 2087 | void ftMainUpdateCatchStatFighter(FTStruct *attacker_fp, FTAttackColl *attack_coll, FTStruct *victim_fp, GObj *attacker_gobj, GObj *victim_gobj)
      |                                                                                     ~~~~~~~~~~^~~~~~~~~
D:/Stuff/DevFolder/Smash64DS_Port/decomp/BattleShip-main/decomp/src/ft/ftmain.c: In function 'battleship_ftMainUpdateDamageStatFighter':
D:/Stuff/DevFolder/Smash64DS_Port/decomp/BattleShip-main/decomp/src/ft/ftmain.c:2151:9: warning: unused variable 'unused' [-Wunused-variable]
 2151 |     s32 unused;
      |         ^~~~~~
D:/Stuff/DevFolder/Smash64DS_Port/decomp/BattleShip-main/decomp/src/ft/ftmain.c: In function 'ftMainUpdateShieldStatWeapon':
D:/Stuff/DevFolder/Smash64DS_Port/decomp/BattleShip-main/decomp/src/ft/ftmain.c:2245:114: warning: unused parameter 'weapon_gobj' [-Wunused-parameter]
 2245 | void ftMainUpdateShieldStatWeapon(WPStruct *wp, WPAttackColl *wp_attack_coll, s32 attack_id, FTStruct *fp, GObj *weapon_gobj, GObj *fighter_gobj, f32 angle, Vec3f *dir)
      |                                                                                                            ~~~~~~^~~~~~~~~~~
D:/Stuff/DevFolder/Smash64DS_Port/decomp/BattleShip-main/decomp/src/ft/ftmain.c: In function 'ftMainUpdateShieldStatItem':
D:/Stuff/DevFolder/Smash64DS_Port/decomp/BattleShip-main/decomp/src/ft/ftmain.c:2427:112: warning: unused parameter 'item_gobj' [-Wunused-parameter]
 2427 | void ftMainUpdateShieldStatItem(ITStruct *ip, ITAttackColl *it_attack_coll, s32 attack_id, FTStruct *fp, GObj *item_gobj, GObj *fighter_gobj, f32 angle, Vec3f *vec)
      |                                                                                                          ~~~~~~^~~~~~~~~
D:/Stuff/DevFolder/Smash64DS_Port/decomp/BattleShip-main/decomp/src/ft/ftmain.c: In function 'ftMainUpdateDamageStatGround':
D:/Stuff/DevFolder/Smash64DS_Port/decomp/BattleShip-main/decomp/src/ft/ftmain.c:2593:61: warning: unused parameter 'fighter_gobj' [-Wunused-parameter]
 2593 | void ftMainUpdateDamageStatGround(GObj *special_gobj, GObj *fighter_gobj, FTStruct *fp, GRAttackColl *gr_attack_coll, s32 kind)
      |                                                       ~~~~~~^~~~~~~~~~~~
D:/Stuff/DevFolder/Smash64DS_Port/decomp/BattleShip-main/decomp/src/ft/ftmain.c: In function 'battleship_ftMainProcessHitCollisionStatsMain':
D:/Stuff/DevFolder/Smash64DS_Port/decomp/BattleShip-main/decomp/src/ft/ftmain.c:2785:101: warning: passing argument 4 of 'efManagerDamageNormalLightMakeEffect' makes integer from pointer without a cast [-Wint-conversion]
 2785 |                         efManagerDamageNormalLightMakeEffect(&pos, hitlog->attacker_player, damage, NULL);
      |                                                                                                     ^~~~
      |                                                                                                     |
      |                                                                                                     void *
In file included from D:/Stuff/DevFolder/Smash64DS_Port/include/ef/effect.h:107,
                 from D:/Stuff/DevFolder/Smash64DS_Port/src/import/battleship_ftmain.c:14:
D:/Stuff/DevFolder/Smash64DS_Port/decomp/BattleShip-main/decomp/src/ef/efmanager.h:25:96: note: expected 'sb32' {aka 'long int'} but argument is of type 'void *'
   25 | extern LBParticle* efManagerDamageNormalLightMakeEffect(Vec3f *pos, s32 player, s32 size, sb32 is_static);
      |                                                                                           ~~~~~^~~~~~~~~
D:/Stuff/DevFolder/Smash64DS_Port/decomp/BattleShip-main/decomp/src/ft/ftmain.c:2822:101: warning: passing argument 4 of 'efManagerDamageNormalLightMakeEffect' makes integer from pointer without a cast [-Wint-conversion]
 2822 |                         efManagerDamageNormalLightMakeEffect(&pos, hitlog->attacker_player, damage, NULL);
      |                                                                                                     ^~~~
      |                                                                                                     |
      |                                                                                                     void *
D:/Stuff/DevFolder/Smash64DS_Port/decomp/BattleShip-main/decomp/src/ef/efmanager.h:25:96: note: expected 'sb32' {aka 'long int'} but argument is of type 'void *'
   25 | extern LBParticle* efManagerDamageNormalLightMakeEffect(Vec3f *pos, s32 player, s32 size, sb32 is_static);
      |                                                                                           ~~~~~^~~~~~~~~
D:/Stuff/DevFolder/Smash64DS_Port/decomp/BattleShip-main/decomp/src/ft/ftmain.c: In function 'battleship_ftMainSearchHitFighter':
D:/Stuff/DevFolder/Smash64DS_Port/decomp/BattleShip-main/decomp/src/ft/ftmain.c:3049:61: warning: suggest parentheses around '&&' within '||' [-Wparentheses]
 3049 |                         if ((this_fp->ga == nMPKineticsAir) && (other_attack_coll->is_hit_air) || (this_fp->ga == nMPKineticsGround) && (other_attack_coll->is_hit_ground))
      |                             ~~~~~~~~~~~~~~~~~~~~~~~~~~~~~~~~^~~~~~~~~~~~~~~~~~~~~~~~~~~~~~~~~~
D:/Stuff/DevFolder/Smash64DS_Port/decomp/BattleShip-main/decomp/src/ft/ftmain.c:3084:98: warning: suggest parentheses around '&&' within '||' [-Wparentheses]
 3084 |                         if ((this_fp->throw_gobj == NULL) || (other_gobj != this_fp->throw_gobj) && (((gSCManagerBattleState->is_team_battle != TRUE) || (gSCManagerBattleState->is_team_attack != FALSE)) || (((other_fp->throw_gobj != NULL) ? other_fp->throw_team : other_fp->team) != this_fp->throw_team)))
      |                                                              ~~~~~~~~~~~~~~~~~~~~~~~~~~~~~~~~~~~~^~~~~~~~~~~~~~~~~~~~~~~~~~~~~~~~~~~~~~~~~~~~~~~~~~~~~~~~~~~~~~~~~~~~~~~~~~~~~~~~~~~~~~~~~~~~~~~~~~~~~~~~~~~~~~~~~~~~~~~~~~~~~~~~~~~~~~~~~~~~~~~~~~~~~~~~~~~~~~~~~~~~~~~~~~~~~~~~~~~~~~~~~~~~~~~~~~~~~~~~~~~~~~~
D:/Stuff/DevFolder/Smash64DS_Port/decomp/BattleShip-main/decomp/src/ft/ftmain.c:3094:74: warning: suggest parentheses around '&&' within '||' [-Wparentheses]
 3094 |                                     if ((other_fp->ga == nMPKineticsAir) && (this_attack_coll->is_hit_air) || (other_fp->ga == nMPKineticsGround) && (this_attack_coll->is_hit_ground))
      |                                         ~~~~~~~~~~~~~~~~~~~~~~~~~~~~~~~~~^~~~~~~~~~~~~~~~~~~~~~~~~~~~~~~~~
D:/Stuff/DevFolder/Smash64DS_Port/decomp/BattleShip-main/decomp/src/ft/ftmain.c: In function 'battleship_ftMainSearchHitWeapon':
D:/Stuff/DevFolder/Smash64DS_Port/decomp/BattleShip-main/decomp/src/ft/ftmain.c:3269:146: warning: suggest parentheses around '&&' within '||' [-Wparentheses]
 3269 |                     if ((wp_attack_coll->can_setoff) && !(fp->is_catchstatus) && ((fp->throw_gobj == NULL) || (fp->throw_gobj != wp->owner_gobj) && ((gSCManagerBattleState->is_team_battle != TRUE) || (gSCManagerBattleState->is_team_attack != FALSE) || (fp->throw_team != wp->team))))
      |                                                                                                               ~~~~~~~~~~~~~~~~~~~~~~~~~~~~~~~~~~~^~~~~~~~~~~~~~~~~~~~~~~~~~~~~~~~~~~~~~~~~~~~~~~~~~~~~~~~~~~~~~~~~~~~~~~~~~~~~~~~~~~~~~~~~~~~~~~~~~~~~~~~~~~~~~~~~~~~~~~~~~~~~~~~~~~~~~~~
D:/Stuff/DevFolder/Smash64DS_Port/decomp/BattleShip-main/decomp/src/ft/ftmain.c:3280:120: warning: suggest parentheses around '&&' within '||' [-Wparentheses]
 3280 |                                 if ((ft_attack_coll->attack_state != nGMAttackStateOff) && ((wp->ga == nMPKineticsAir) && (ft_attack_coll->is_hit_air) || (wp->ga == nMPKineticsGround) && (ft_attack_coll->is_hit_ground)))
      |                                                                                             ~~~~~~~~~~~~~~~~~~~~~~~~~~~^~~~~~~~~~~~~~~~~~~~~~~~~~~~~~~
D:/Stuff/DevFolder/Smash64DS_Port/decomp/BattleShip-main/decomp/src/ft/ftmain.c:3240:9: warning: unused variable 'unused1' [-Wunused-variable]
 3240 |     s32 unused1;
      |         ^~~~~~~
D:/Stuff/DevFolder/Smash64DS_Port/decomp/BattleShip-main/decomp/src/ft/ftmain.c: In function 'battleship_ftMainSearchHitItem':
D:/Stuff/DevFolder/Smash64DS_Port/decomp/BattleShip-main/decomp/src/ft/ftmain.c:3466:146: warning: suggest parentheses around '&&' within '||' [-Wparentheses]
 3466 |                     if ((it_attack_coll->can_setoff) && !(fp->is_catchstatus) && ((fp->throw_gobj == NULL) || (fp->throw_gobj != ip->owner_gobj) && ((gSCManagerBattleState->is_team_battle != TRUE) || (gSCManagerBattleState->is_team_attack != FALSE) || (fp->throw_team != ip->team))))
      |                                                                                                               ~~~~~~~~~~~~~~~~~~~~~~~~~~~~~~~~~~~^~~~~~~~~~~~~~~~~~~~~~~~~~~~~~~~~~~~~~~~~~~~~~~~~~~~~~~~~~~~~~~~~~~~~~~~~~~~~~~~~~~~~~~~~~~~~~~~~~~~~~~~~~~~~~~~~~~~~~~~~~~~~~~~~~~~~~~~
D:/Stuff/DevFolder/Smash64DS_Port/decomp/BattleShip-main/decomp/src/ft/ftmain.c:3476:120: warning: suggest parentheses around '&&' within '||' [-Wparentheses]
 3476 |                                 if ((ft_attack_coll->attack_state != nGMAttackStateOff) && ((ip->ga == nMPKineticsAir) && (ft_attack_coll->is_hit_air) || (ip->ga == nMPKineticsGround) && (ft_attack_coll->is_hit_ground)))
      |                                                                                             ~~~~~~~~~~~~~~~~~~~~~~~~~~~^~~~~~~~~~~~~~~~~~~~~~~~~~~~~~~
D:/Stuff/DevFolder/Smash64DS_Port/decomp/BattleShip-main/decomp/src/ft/ftmain.c:3437:9: warning: unused variable 'unused1' [-Wunused-variable]
 3437 |     s32 unused1;
      |         ^~~~~~~
D:/Stuff/DevFolder/Smash64DS_Port/decomp/BattleShip-main/decomp/src/ft/ftmain.c: In function 'battleship_ftMainSearchFighterCatch':
D:/Stuff/DevFolder/Smash64DS_Port/decomp/BattleShip-main/decomp/src/ft/ftmain.c:3724:23: warning: suggest parentheses around comparison in operand of '^' [-Wparentheses]
 3724 |         for (i = 0; i < ARRAY_COUNT(this_fp->attack_colls) ^ 0; i++) // XOR 0 ???
D:/Stuff/DevFolder/Smash64DS_Port/decomp/BattleShip-main/decomp/src/ft/ftmain.c:3732:50: warning: suggest parentheses around '&&' within '||' [-Wparentheses]
 3732 |             if ((other_fp->ga == nMPKineticsAir) && !(attack_coll->is_hit_air) || (other_fp->ga == nMPKineticsGround) && !(attack_coll->is_hit_ground))
      |                 ~~~~~~~~~~~~~~~~~~~~~~~~~~~~~~~~~^~~~~~~~~~~~~~~~~~~~~~~~~~~~~
D:/Stuff/DevFolder/Smash64DS_Port/decomp/BattleShip-main/decomp/src/ft/ftmain.c: In function 'battleship_ftMainProcParams':
D:/Stuff/DevFolder/Smash64DS_Port/decomp/BattleShip-main/decomp/src/ft/ftmain.c:4054:21: warning: unused variable 'unused' [-Wunused-variable]
 4054 |                 s32 unused;
      |                     ^~~~~~
D:/Stuff/DevFolder/Smash64DS_Port/decomp/BattleShip-main/decomp/src/ft/ftmain.c:3825:9: warning: unused variable 'element' [-Wunused-variable]
 3825 |     s32 element;
      |         ^~~~~~~
D:/Stuff/DevFolder/Smash64DS_Port/decomp/BattleShip-main/decomp/src/ft/ftmain.c: In function 'battleship_ftMainSetStatus':
D:/Stuff/DevFolder/Smash64DS_Port/decomp/BattleShip-main/decomp/src/ft/ftmain.c:4561:24: warning: assignment to 'FTOpeningDesc *' from incompatible pointer type 'FTOpeningDesc (*)[]' [-Wincompatible-pointer-types]
 4561 |         opening_struct = &D_ovl1_80390BE8;
      |                        ^
D:/Stuff/DevFolder/Smash64DS_Port/decomp/BattleShip-main/decomp/src/ft/ftmain.c:4623:54: warning: passing argument 1 of 'lbRelocGetForceExternHeapFile' makes pointer from integer without a cast [-Wint-conversion]
 4623 |             lbRelocGetForceExternHeapFile(motion_desc->anim_file_id, (void*) fp->figatree_heap);
      |                                           ~~~~~~~~~~~^~~~~~~~~~~~~~
      |                                                      |
      |                                                      u32 {aka long unsigned int}
In file included from D:/Stuff/DevFolder/Smash64DS_Port/src/import/battleship_ftmain.c:15:
D:/Stuff/DevFolder/Smash64DS_Port/include/ft/fighter.h:3687:49: note: expected 'const void *' but argument is of type 'u32' {aka 'long unsigned int'}
 3687 | void *lbRelocGetForceExternHeapFile(const void *file_id, void *heap);
      |                                     ~~~~~~~~~~~~^~~~~~~
D:/Stuff/DevFolder/Smash64DS_Port/decomp/BattleShip-main/decomp/src/ft/ftmain.c:4748:37: warning: comparison of integer expressions of different signedness: 'intptr_t' {aka 'int'} and 'unsigned int' [-Wsign-compare]
 4748 |             if (motion_desc->offset != 0x80000000)
      |                                     ^~
D:/Stuff/DevFolder/Smash64DS_Port/decomp/BattleShip-main/decomp/src/ft/ftmain.c:4753:37: warning: assignment to 'intptr_t' {aka 'int'} from 'void *' makes integer from pointer without a cast [-Wint-conversion]
 4753 |                     event_file_head = *fp->data->p_file_submotion;
      |                                     ^
D:/Stuff/DevFolder/Smash64DS_Port/decomp/BattleShip-main/decomp/src/ft/ftmain.c:4759:37: warning: assignment to 'intptr_t' {aka 'int'} from 'void *' makes integer from pointer without a cast [-Wint-conversion]
 4759 |                     event_file_head = *fp->data->p_file_mainmotion;
      |                                     ^
D:/Stuff/DevFolder/Smash64DS_Port/decomp/BattleShip-main/decomp/src/ft/ftmain.c:4770:37: warning: comparison of integer expressions of different signedness: 'intptr_t' {aka 'int'} and 'unsigned int' [-Wsign-compare]
 4770 |             if (motion_desc->offset != 0x80000000)
      |                                     ^~
D:/Stuff/DevFolder/Smash64DS_Port/decomp/BattleShip-main/decomp/src/ft/ftmain.c:4383:9: warning: unused variable 'unused3' [-Wunused-variable]
 4383 |     s32 unused3;
      |         ^~~~~~~
D:/Stuff/DevFolder/Smash64DS_Port/decomp/BattleShip-main/decomp/src/ft/ftmain.c:4379:9: warning: unused variable 'unused2' [-Wunused-variable]
 4379 |     s32 unused2;
      |         ^~~~~~~
D:/Stuff/DevFolder/Smash64DS_Port/decomp/BattleShip-main/decomp/src/ft/ftmain.c:4376:9: warning: unused variable 'unused1' [-Wunused-variable]
 4376 |     s32 unused1;
      |         ^~~~~~~
D:/Stuff/DevFolder/Smash64DS_Port/decomp/BattleShip-main/decomp/src/ft/ftmain.c: In function 'battleship_ftMainProcessHitCollisionStatsMain':
D:/Stuff/DevFolder/Smash64DS_Port/decomp/BattleShip-main/decomp/src/ft/ftmain.c:2845:12: warning: 'knockback_temp' may be used uninitialized [-Wmaybe-uninitialized]
 2845 |         if (knockback < knockback_temp)
      |            ^
D:/Stuff/DevFolder/Smash64DS_Port/decomp/BattleShip-main/decomp/src/ft/ftmain.c:2675:9: note: 'knockback_temp' was declared here
 2675 |     f32 knockback_temp;
      |         ^~~~~~~~~~~~~~
D:/Stuff/DevFolder/Smash64DS_Port/decomp/BattleShip-main/decomp/src/ft/ftmain.c:2855:19: warning: 'j' may be used uninitialized [-Wmaybe-uninitialized]
 2855 |     switch (hitlog->attacker_object_class)
      |             ~~~~~~^~~~~~~~~~~~~~~~~~~~~~~
D:/Stuff/DevFolder/Smash64DS_Port/decomp/BattleShip-main/decomp/src/ft/ftmain.c:2674:12: note: 'j' was declared here
 2674 |     s32 i, j;
      |            ^
linking smash64ds-battle-playable-tickhud-hwtri.elf
C:/devkitPro/devkitARM/bin/../lib/gcc/arm-none-eabi/15.2.0/../../../../arm-none-eabi/bin/ld.exe: warning: C:/devkitPro/devkitARM/bin/../lib/gcc/arm-none-eabi/15.2.0/thumb/crtn.o: missing .note.GNU-stack section implies executable stack
C:/devkitPro/devkitARM/bin/../lib/gcc/arm-none-eabi/15.2.0/../../../../arm-none-eabi/bin/ld.exe: NOTE: This behaviour is deprecated and will be removed in a future version of the linker
Nintendo DS rom tool 2.3.1 - Jan  8 2024
by Rafael Vuijk, Dave Murphy, Alexei Karpenko
built ... smash64ds-battle-playable-tickhud-hwtri.nds
make: Leaving directory '/d/Stuff/DevFolder/Smash64DS_Port'
window verified against D:\Stuff\DevFolder\Smash64DS_Port\builds\build-c192-sitr-profile-gxc\nds_build_config.h
scene:         Battle
census window: frames 438..2038
per-frame region: True (region r = presented frame 438 + r)
dldi:          True
profiler csv:  D:\Stuff\DevFolder\Smash64DS_Port\artifacts\performance\2026-08-15_sitr-direct-children\v3-c192\arm9-profile.csv

  format=melonDS-arm9-retail-profile-v3
  instructions=984318545
  cycles=3754393168
  program_counters=54881164
  regions=1601
  timestamp_discontinuities=1
  stall_issue=655265842
  stall_icache_fill=1111888927
  stall_dcache_fill=865284713
  stall_write_buffer=173718574
  stall_bus_contention=120075458
  stall_dma_hold=27056498
  stall_cart_spin=0
  stall_interlock=135351861
  stall_halt_wait=665751291
  stall_gx_paid=0
  stall_gx_blamed=0
  stall_partition_total=3754393164
  stall_partition_residual=-4
  gx_stall_events=0
  gx_stall_raw_cycles=0

profile      D:\Stuff\DevFolder\Smash64DS_Port\artifacts\performance\2026-08-15_sitr-direct-children\v3-c192\arm9-profile.csv
elf          D:\Stuff\DevFolder\Smash64DS_Port\builds\build-c192-sitr-profile-gxc\smash64ds-battle-playable-tickhud-hwtri.elf
pc rows      54,881,164
cycles       3,754,393,168
unattributed 63,709 (0.00% -- BIOS, ITCM stubs, data)
symbols hit  1,477 of 3,598 FUNC symbols

section sizes
  .itcm               32,188
  .text.hot            4,588  free 3,604 of cap 8,192
  .text.hot.draw       5,268  free 2,924 of cap 8,192
  .main.bss        1,310,512

== 0. stall accounting by tier (placement can only touch non-mem stall) ==
   excluding idle spin: armWaitForIrq
tier                   cycles        insns  cyc/insn  nonmem stall     %    mem stall     %
--------------  -------------  -----------  --------  ------------  ----  -----------  ----
.itcm             746,718,677  382,397,031      1.95   104,792,664  14.0  259,528,982  34.8
.text.hot         129,286,268   31,984,060      4.04    40,223,860  31.1   57,078,348  44.1
.text.hot.draw     58,530,774   19,612,526      2.98    11,065,714  18.9   27,852,534  47.6
.main           2,154,008,485  550,302,524      3.91   627,729,547  29.1  975,976,414  45.3

== A. top 40 symbols by measured cycles ==
     cycles   %tot  bytes      cyc/byte  tier            symbol
-----------  -----  -----  ------------  --------------  -------------------------------------------------------------
665,785,255  17.73      8  83,223,156.9  .itcm           armWaitForIrq
109,244,417   2.91  8,716      12,533.8  .main           ndsFighterMarioFoxDLAllDrawForSlot.constprop.0
 95,505,130   2.54    400     238,762.8  .itcm           __aeabi_fadd
 89,354,402   2.38  2,588      34,526.4  .main           ndsRendererCommitNativeStageSegment
 80,428,076   2.14    548     146,766.6  .itcm           ndsRendererNativeEmitProductionPrimitiveGroups
 71,974,157   1.92  3,508      20,517.1  .itcm           ndsRendererExecuteNativeFighterOwnerProduction
 65,699,622   1.75    408     161,028.5  .itcm           __aeabi_fmul (+1 alias)
 64,111,287   1.71    604     106,144.5  .text.hot       gcPlayDObjAnimJoint
 61,254,149   1.63  1,028      59,585.7  .main           ndsR2AnimValueQ
 59,068,113   1.57  1,928      30,637.0  .main           ndsRendererNativeStageBeginRun.part.0
 56,701,129   1.51  3,720      15,242.2  .itcm           ndsRendererNativePrepareProductionRun
 49,613,930   1.32    170     291,846.6  .itcm           memcpy
 46,226,568   1.23    140     330,189.8  .itcm           memset
 45,444,995   1.21    736      61,745.9  .main           ndsRendererLoadHardwareGxComposedMatrices
 43,520,119   1.16    608      71,579.1  .itcm           ndsRendererTask36ReplayRun
 42,839,795   1.14  2,056      20,836.5  .main           ndsRendererAdapterBuildFighterTraRotRpyDirect20p12
 41,419,777   1.10  2,512      16,488.8  .main           ndsR2FtAnimParseDObjFigatree
 38,926,708   1.04    512      76,028.7  .text.hot.draw  ndsRendererNativeStageLoadNoZMatrix
 36,324,122   0.97  2,440      14,886.9  .main           ndsRendererAdapterBuildDObjXObjMatrix
 35,170,261   0.94    352      99,915.5  .itcm           __aeabi_fdiv (+1 alias)
 34,249,901   0.91    312     109,775.3  .itcm           ndsRendererMtxMul20p12
 32,687,144   0.87    716      45,652.4  .main           ftParamUpdateAnimKeys
 32,589,481   0.87  1,532      21,272.5  .main           mpCollisionGetFCCommonFloor
 31,769,242   0.85  3,960       8,022.5  .main           lbParticleDrawTextures
 31,553,092   0.84    464      68,002.4  .main           ndsStageGCDrawAllLoopRecordCapturedDisplay
 31,137,819   0.83    388      80,252.1  .main           ftDisplayMainDrawDefault
 30,352,714   0.81    952      31,883.1  .main           ndsRendererAdapterBuildPersistentStageWorldMatrix.constprop.0
 29,732,948   0.79    120     247,774.6  .main           ndsBaseGcRunAll
 28,039,535   0.75    328      85,486.4  .main           gcCaptureCameraGObj
 27,583,821   0.73     92     299,824.1  .main           ftGetStruct
 27,400,659   0.73    432      63,427.5  .main           gcPlayAnimAll
 27,337,473   0.73     92     297,146.4  .main           tickGetCount
 25,871,549   0.69    212     122,035.6  .itcm           ndsRendererSyncTextureTile
 24,229,370   0.65  2,176      11,134.8  .text.hot       battleship_ftMainProcUpdateInterrupt
 24,080,393   0.64    268      89,852.2  .main           ndsRendererHardwareBindTextureName
 22,978,683   0.61    376      61,113.5  .main           ndsFTParamsInvalidateSubtree
 22,400,957   0.60    492      45,530.4  .itcm           ndsRendererNativeApplyStateDelta
 22,019,670   0.59     92     239,344.2  .main           glBindTexture
 21,252,380   0.57    220      96,601.7  .main           sqrtf
 20,762,067   0.55    580      35,796.7  .itcm           ndsRendererNativeShadeProductionActions.constprop.0.isra.0

== B. .itcm rent: 82 residents covering 32,126 of 32,188 section bytes (62 unnamed); 30 never executed (2,594 B idle) ==
    cyc/byte       cycles  bytes       insns  symbol
------------  -----------  -----  ----------  ----------------------------------------------------------
83,223,156.9  665,785,255      8       8,526  armWaitForIrq
   330,189.8   46,226,568    140  11,102,470  memset
   307,179.7   11,058,470     36   9,424,462  __aeabi_fcmpeq
   291,846.6   49,613,930    170  17,789,980  memcpy
   265,973.5    1,063,894      4   1,063,892  __aeabi_fsub
   238,762.8   95,505,130    400  80,094,109  __aeabi_fadd
   176,309.0   12,341,627     70   6,670,631  memcmp
   161,028.5   65,699,622    408  57,665,689  __aeabi_fmul (+1 alias)
   146,766.6   80,428,076    548  26,372,890  ndsRendererNativeEmitProductionPrimitiveGroups
   145,708.2    7,576,828     52   6,759,704  __aeabi_fcmplt
   122,035.6   25,871,549    212   6,050,928  ndsRendererSyncTextureTile
   109,775.3   34,249,901    312  23,479,712  ndsRendererMtxMul20p12
    99,915.5   35,170,261    352  31,902,008  __aeabi_fdiv (+1 alias)
    74,072.2    5,629,489     76     270,936  armCopyMem32
    73,305.2    3,811,869     52   3,355,186  __aeabi_fcmpgt
    71,579.1   43,520,119    608   6,019,234  ndsRendererTask36ReplayRun
    68,847.8    6,333,994     92   4,893,268  __aeabi_f2iz (+1 alias)
    54,993.5    5,059,401     92   3,812,792  __aeabi_i2f
    45,530.4   22,400,957    492   6,229,950  ndsRendererNativeApplyStateDelta
    41,367.3    1,158,285     28     473,524  armDCacheFlush
    35,796.7   20,762,067    580   6,685,883  ndsRendererNativeShadeProductionActions.constprop.0.isra.0
    30,350.8      971,226     32     720,021  __floatsisf (+1 alias)
    28,504.9      342,059     12     100,200  armDrainWriteBuffer
    28,249.8    7,231,960    256   4,991,433  ndsRendererMtxLoadN64ToDS20p12
    25,012.0   14,406,934    576   5,644,567  ndsRendererNativeEmitProductionCrossRun.constprop.0
    23,382.1      654,698     28     238,952  armDCacheInvalidate
    22,448.3    1,167,310     52   1,048,489  __aeabi_fcmple
    20,517.1   71,974,157  3,508  22,669,016  ndsRendererExecuteNativeFighterOwnerProduction
    19,667.9    3,382,884    172   2,846,762  __aeabi_l2f (+1 alias)
    16,168.9    2,457,674    152   2,228,478  ndsRendererRecordTextureState
    15,242.2   56,701,129  3,720  24,944,454  ndsRendererNativePrepareProductionRun
    14,935.0    3,942,850    264   2,583,557  ndsRendererRecordSetTile
    12,635.6      505,424     40     252,712  __aeabi_ui2f (+1 alias)
    10,563.8      549,318     52     503,048  __aeabi_fcmpge
     8,785.2      878,523    100     335,448  ndsRendererRecordLoadBlock
     4,421.8      937,428    212     128,853  threadBlock
     4,372.5      682,115    156     538,993  ndsRendererRecordSetTileSize
     3,661.0      834,700    228     252,595  __arm_excpt_irq
     3,557.9      298,861     84     239,369  __aeabi_f2uiz (+1 alias)
     1,721.2       75,735     44      27,540  armContextSave
     1,446.8      179,401    124      75,735  threadSwitchTo
     1,322.7      608,424    460     334,998  ndsRendererHardwareLitShadeColorPrepared
       559.0    1,502,505  2,688     675,431  ndsRendererHardwareSubmitVertex
       513.3      123,200    240      86,400  threadUnblockAllByMask
       303.0       64,243    212      30,485  threadUnblockOneByValue
       215.2        6,885     32       2,295  armContextLoad
       191.2    1,477,976  7,728     525,637  ndsRendererScanList
       173.8       27,808    160      23,198  ndsRendererHardwarePolyFmt
       166.4      549,711  3,304     193,628  ndsRendererSubmitHardwareTriangle
        71.0        9,371    132       3,897  ndsRendererHardwareTextureSourceBytes
        30.5        7,202    236       1,462  __ieee754_sqrtf
         0.0      684,929      0      32,130  armContextLoadFromSvc
         0.0            0    444           0  __addsf3 (+1 alias)
         0.0            0     24           0  __aeabi_cfcmpeq (+1 alias)
         0.0            0     40           0  __aeabi_cfrcmple
         0.0            0     28           0  __aeabi_fcmpun
         0.0            0    456           0  __aeabi_frsub
         0.0            0    188           0  __aeabi_ul2f (+1 alias)
         0.0            0     12           0  __arm_excpt_dabt
         0.0            0      4           0  __arm_excpt_pabt
         0.0            0      4           0  __arm_excpt_rst
         0.0            0     12           0  __arm_excpt_und
         0.0            0    100           0  __cmpsf2 (+2 alias)
         0.0            0     48           0  __excpt_entry
         0.0            0    116           0  __gesf2 (+1 alias)
         0.0            0    108           0  __lesf2 (+1 alias)
         0.0            0     24           0  __nds_task16_libgcc_fcmpge_golden
         0.0            0     24           0  __nds_task16_libgcc_fcmpgt_golden
         0.0            0     24           0  __nds_task16_libgcc_fcmple_golden
         0.0            0     24           0  __nds_task16_libgcc_fcmplt_golden
         0.0            0     56           0  __nds_task16_libgcc_fcmpun_golden (+1 alias)
         0.0            0    448           0  __nds_task16_libgcc_fsub_golden (+1 alias)
         0.0            0     24           0  __nds_task9_libgcc_fcmpeq_golden
         0.0            0     40           0  armDCacheFlushAll
         0.0            0     12           0  armICacheInvalidateAll
         0.0            0     54           0  ndsFTParamsInvalidateFighterParts
         0.0            0    404           0  ndsRendererHardwareGetLightShadeLut
         0.0            0    192           0  ndsRendererNativeApplyStateSpan
         0.0            0    256           0  ndsRendererNativeEmitDenseRawRun
         0.0            0    128           0  ndsRendererNativeEmitProductionRawTexturedRun
         0.0            0    112           0  ndsRendererNativeEmitProductionRawUntexturedRun
         0.0            0    312           0  threadUnblockAllByValue

== C. unplaced candidates for 3,604 free .text.hot bytes, ranked by recoverable (non-mem) stall ==
pack  nonmem stall       cycles  bytes  cyc/insn  stall/byte  symbol
----  ------------  -----------  -----  --------  ----------  -------------------------------------------------------------
-       24,083,377  109,244,417  8,716      4.34     2,763.1  ndsFighterMarioFoxDLAllDrawForSlot.constprop.0
fit     22,221,675   89,354,402  2,588      2.51     8,586.4  ndsRendererCommitNativeStageSegment
-       18,274,641   59,068,113  1,928      4.55     9,478.5  ndsRendererNativeStageBeginRun.part.0
-       13,897,609   42,839,795  2,056      2.37     6,759.5  ndsRendererAdapterBuildFighterTraRotRpyDirect20p12
-       13,810,695   32,589,481  1,532      3.01     9,014.8  mpCollisionGetFCCommonFloor
-       11,689,068   61,254,149  1,028      1.64    11,370.7  ndsR2AnimValueQ
-       11,323,032   31,769,242  3,960      5.10     2,859.4  lbParticleDrawTextures
-       11,300,384   41,419,777  2,512      2.79     4,498.6  ndsR2FtAnimParseDObjFigatree
fit      9,199,973   21,252,380    220      3.06    41,818.1  sqrtf
fit      8,989,361   31,553,092    464      5.83    19,373.6  ndsStageGCDrawAllLoopRecordCapturedDisplay
-        8,850,955   45,444,995    736      4.42    12,025.8  ndsRendererLoadHardwareGxComposedMatrices
-        8,809,227   27,400,659    432      4.09    20,391.7  gcPlayAnimAll
-        8,011,074   17,752,385    896      3.15     8,940.9  ndsStageMPAdjustFloorLoopWallSweep
-        7,947,694   13,099,880    988      4.36     8,044.2  syMatrixLookAtReflectF
-        7,890,918   36,324,122  2,440      2.34     3,234.0  ndsRendererAdapterBuildDObjXObjMatrix
-        7,604,410   32,687,144    716      5.13    10,620.7  ftParamUpdateAnimKeys
fit      6,887,480   29,732,948    120      9.90    57,395.7  ndsBaseGcRunAll
-        6,702,991   15,587,531  1,816      3.91     3,691.1  ndsStageMPSweepFloorLoopSweep
-        6,549,969   28,039,535    328      5.46    19,969.4  gcCaptureCameraGObj
-        5,856,830   18,382,461  1,696      6.60     3,453.3  ndsParticleSetCurrentCamera
-        5,629,807   17,862,382    732      2.83     7,691.0  ndsBaseGcPlayMObjMatAnim
-        5,364,765   15,460,019  5,208     12.33     1,030.1  syTaskmanRunTask
-        5,155,173   10,783,246  2,276     13.02     2,265.0  ndsBaseFTDisplayMainProcDisplay
-        4,851,238   31,137,819    388      4.79    12,503.2  ftDisplayMainDrawDefault
-        4,735,106   10,470,640  1,416      5.81     3,344.0  gmCameraUpdateInterests
-        4,678,557   19,059,373  2,544      6.70     1,839.1  ndsRendererAdapterPrepareNativeStageOwner
-        4,585,506   30,352,714    952      2.86     4,816.7  ndsRendererAdapterBuildPersistentStageWorldMatrix.constprop.0
-        4,148,784    9,108,660  2,388      3.95     1,737.3  ndsRendererAdapterBuildNativeMaterialSnapshot
fit      4,133,205   27,583,821     92      2.95    44,926.1  ftGetStruct
-        4,083,762   22,978,683    376      7.86    10,861.1  ndsFTParamsInvalidateSubtree
-        3,825,352   16,523,262    468      2.42     8,173.8  ndsRendererNativeStageEmitNoZVertex.isra.0
-        3,818,465    7,971,939  4,232      2.97       902.3  ndsRendererSubmitParticleQuad
fit      3,792,760   15,012,780     68      2.07    55,775.9  ndsStageCollisionLoopGeometryReady
-        3,752,392   24,080,393    268      5.19    14,001.5  ndsRendererHardwareBindTextureName
-        3,641,445    8,660,976     86      2.87    42,342.4  __aeabi_lmul (+1 alias)
-        3,631,576   17,594,883  1,656      4.35     2,193.0  ndsRendererNativeApplyMaterial.part.0
-        3,588,411   14,779,423    812      6.01     4,419.2  ndsMPFindLineEndpoints
-        3,507,767   14,273,695  2,252      2.09     1,557.6  ndsRelocGetFileData
-        3,498,843   27,337,473     92      4.65    38,030.9  tickGetCount
-        3,475,892    6,315,503    408      3.20     8,519.3  syMatrixF2L

greedy pack claims 3,552 of 3,604 free bytes and reaches 55,224,454 non-mem stall cycles (1.47% of measured)

== D. ITCM admissions by non-mem stall per byte (548 B free now, +2,594 B recoverable by eviction) ==
slot   stall/byte  nonmem stall  bytes  cyc/insn  tier       symbol
-----  ----------  ------------  -----  --------  ---------  -------------------------------------------
free      135,380     3,249,128     24      4.00  .main      cpuGetTiming
free       85,944     1,890,759     22      2.96  .main      DynamicArrayGet
free       69,916       139,833      2     23.43  .main      mpCommonUpdateFighterSlopeContour
free       57,396     6,887,480    120      9.90  .main      ndsBaseGcRunAll
free       55,776     3,792,760     68      2.07  .main      ndsStageCollisionLoopGeometryReady
free       44,926     4,133,205     92      2.95  .main      ftGetStruct
free       42,342     3,641,445     86      2.87  .main      __aeabi_lmul (+1 alias)
evict      41,818     9,199,973    220      3.06  .main      sqrtf
free       38,031     3,498,843     92      4.65  .main      tickGetCount
free       37,458        74,917      2     47.10  .main      gcPrepCameraMatrix
evict      34,171     2,733,642     80      2.57  .main      ndsBaseGcPlayAnimAll
evict      32,210     1,803,770     56      8.80  .main      ndsFighterDisplayContractCountFlags
free       30,669       981,398     32      2.47  .main      glGetTexParameter
evict      30,530     2,198,125     72      4.26  .main      ndsR2AnimBuildTrackTable.constprop.0.isra.0
free       28,938       231,508      8     14.53  .main      ftCommonDeadCheckInterruptCommon
evict      27,888       223,102      8     20.56  .main      mpProcessUpdateMain
evict      27,807     1,445,951     52      3.44  .main      glTexParameter
evict      24,963     3,994,027    160      4.66  .text.hot  gcRunGObjProcess
evict      22,435     2,064,041     92      9.49  .main      glBindTexture
evict      22,371    13,511,958    604      2.68  .text.hot  gcPlayDObjAnimJoint
evict      21,845       436,908     20     15.89  .main      grPupupuProcUpdate
evict      21,820        87,278      4     15.00  .main      gcParseGObjScript
evict      21,506     1,204,362     56      2.63  .main      gcPlayMObjMatAnim
evict      20,856        41,712      2      4.68  .main      lbCommonPrepSObjDraw
evict      20,800        41,600      2      7.50  .main      lbCommonPrepSObjAttr
evict      20,606        41,213      2     26.35  .main      func_80017CC8
evict      20,392     8,809,227    432      4.09  .main      gcPlayAnimAll
evict      20,344       162,754      8     15.20  .main      mpProcessCheckTestFloorCollisionNew
evict      19,969     6,549,969    328      5.46  .main      gcCaptureCameraGObj
evict      19,787     1,266,399     64      4.10  .main      lbCommonCos
evict      19,708       709,487     36     16.88  .main      ftMainProcUpdateInterrupt
-          19,374     8,989,361    464      5.83  .main      ndsStageGCDrawAllLoopRecordCapturedDisplay
evict      19,056     3,430,016    180      5.21  .main      ndsRendererHardwareApplyTextureParams
evict      17,810        35,620      2     12.13  .main      gcSetCameraMatrixMode
evict      17,749       177,494     10     27.76  .main      grWallpaperCommonProcUpdate
evict      17,736       638,495     36     14.42  .main      ftMainProcPhysicsMapDefault
evict      17,502       560,066     32      5.37  .main      __aeabi_idivmod
-          17,490     1,888,872    108      3.33  .main      ndsRendererAdapterMarkDisplayProcHeads
-          17,261     1,035,673     60     17.32  .main      ftMainPlayAnim
evict      16,570       331,394     20      4.84  .main      mpCollisionCheckExistLineID

zero-eviction pack: 548 B, 28,521,276 non-mem stall cycles in reach
with eviction:      3,126 B, 90,219,859 non-mem stall cycles in reach
wrote D:\Stuff\DevFolder\Smash64DS_Port\artifacts\performance\2026-08-15_sitr-direct-children\v3-c192\census.json

wrote D:\Stuff\DevFolder\Smash64DS_Port\artifacts\performance\2026-08-15_sitr-direct-children\v3-c192\census.txt
