window verified against D:\Stuff\DevFolder\Smash64DS_Port\builds\build-c177-cfxring-b-prof\nds_build_config.h
scene:         Battle
census window: frames 438..2038
per-frame region: True (region r = presented frame 438 + r)
dldi:          True
profiler csv:  D:\Stuff\DevFolder\Smash64DS_Port\artifacts\performance\2026-08-15_cfx-ring-split\v3-b-c177\arm9-profile.csv

  format=melonDS-arm9-retail-profile-v3
  instructions=1060649389
  cycles=3872032420
  program_counters=54688359
  regions=1601
  timestamp_discontinuities=1
  stall_issue=686493942
  stall_icache_fill=1182617802
  stall_dcache_fill=861109464
  stall_write_buffer=163375074
  stall_bus_contention=117990450
  stall_dma_hold=27057044
  stall_cart_spin=0
  stall_interlock=138814034
  stall_halt_wait=694574568
  stall_gx_paid=0
  stall_gx_blamed=0
  stall_partition_total=3872032378
  stall_partition_residual=-42
  gx_stall_events=0
  gx_stall_raw_cycles=0

profile      D:\Stuff\DevFolder\Smash64DS_Port\artifacts\performance\2026-08-15_cfx-ring-split\v3-b-c177\arm9-profile.csv
elf          D:\Stuff\DevFolder\Smash64DS_Port\builds\build-c177-cfxring-b-prof\smash64ds-battle-playable-tickhud-hwtri.elf
pc rows      54,688,359
cycles       3,872,032,420
unattributed 65,078 (0.00% -- BIOS, ITCM stubs, data)
symbols hit  1,482 of 3,602 FUNC symbols

section sizes
  .itcm               32,152
  .text.hot            4,588  free 3,604 of cap 8,192
  .text.hot.draw       5,268  free 2,924 of cap 8,192
  .main.bss        1,307,056
