Tick-HUD buckets: target=smash64ds-p2-fourcpu-tickhud-hwtri samples=1972 frames=2..1973 melonDS=1.0 sha=DE80E46BDCF1FD98 git=8d9fa68f3f9+dirty(9) dldi=ON

bucket p50        p95        spread mean       min        max        %ALLp50
------ ---        ---        ------ ----       ---        ---        -------
ALL     1,964,928  3,085,696   1.57  2,018,484    283,840  8,399,808   100.0
FTR     1,570,496  2,499,904   1.59  1,642,674     16,832  3,851,328    79.9
STG     3,237,504  3,290,560   1.02  2,950,915    152,512  3,849,856   164.8
BG          4,224      4,352   1.03      5,392      3,968  2,283,200     0.2
AUD         2,880    138,496  48.09     29,143      1,472    165,504     0.1
HUD        15,936    427,456  26.82    138,274      5,248    504,384     0.8
SRC       534,912  1,051,584   1.97    594,672    244,096  2,168,320    27.2
MISC      152,512    448,000   2.94    201,123     69,184  1,119,360     7.8
OTHR      312,384    561,536   1.80    310,286     20,992    619,200    15.9
WAIT      291,968    540,800   1.85    289,250      1,088    599,168    14.9
WORK    1,661,760  2,847,488   1.71  1,729,234     61,120  8,225,024    84.6
SHDT        9,024    218,240  24.18     44,511        576  1,013,504     0.5
SWRM        1,152      1,216   1.06      1,147        960      1,344     0.1
GCRA      529,472  1,046,144   1.98    589,310    239,552  2,162,624    26.9
SCPU       76,672    180,160   2.35     82,442          0    283,456     3.9
SCAT        1,728      1,920   1.11      2,615      1,024  1,003,904     0.1
SPRM        3,136      3,584   1.14     11,247      2,688    827,392     0.2
SINT      257,856    591,552   2.29    294,753     12,096  1,842,880    13.1
SPHD      125,248    192,192   1.53    129,949     33,536  1,111,744     6.4
SPHC        1,152      1,280   1.11      1,503        832     35,776     0.1
WORK-H  1,500,032  2,625,152   1.75  1,590,960     55,424  7,843,584    76.3

named=5,562,193 (275.6% of ALL)  VBI 2:64 3:65 4:17 5+:1827 max:21 total:1973  slips=0
extras: gNdsTaskmanGeneralHeapFreeMin=49,956  gNdsTaskmanArenaChosenSize=1,695,744  gNdsTaskmanArenaAllocFailCount=9  gNdsGCDrawsActiveMax=193  gNdsEffectPoolDepth=38  gNdsEffectPoolFreeMin=26  gNdsParticleStructsMax=35  gNdsParticleGeneratorsMax=14  gNdsParticleTransformsMax=17  gNdsParticleRejectCount=0  gNdsAObjEvent32NormalizedHighWater=2,127  gNdsAObjEvent32NormalizeFailCount=0  gNdsAObjEvent32HashOverflowCount=0  gNdsSyMallocOverflowCount=0  gNdsObjmanPanicCount=0  gNdsTaskmanGraphicsHeapHighWater=96  gNdsTaskmanGraphicsHeapCapacity=53,248  gNdsTaskmanGraphicsHeapOverflowCount=0  gNdsRelocSceneFileBufferAllocCount=0  gNdsRelocSceneFileBufferDeclineCount=0  gNdsFtPoseBinds=751  gNdsFtPoseBindFull=0  gNdsR2AnimCacheMisses=143  gNdsR2AnimCacheRejects=132  gNdsFtrPlanBuild=669  gNdsFtrPlanHit=6,656  gNdsFtrPlanVerifyMismatch=0  gNdsFighterDLAllDrawP0HardwareTriangleCount=365,800  gNdsFighterDLAllDrawP1HardwareTriangleCount=354,734
Wrote artifacts\verification\2026-08-25_p2-3r13-ship4-tickhud.json
