Tick-HUD buckets: target=smash64ds-battle-playable-tickhud-hwtri samples=1600 frames=439..2038 melonDS=1.0 sha=DE80E46BDCF1FD98 git=214059c8c3e+dirty(6) dldi=ON

bucket p50        p95        spread mean       min        max        %ALLp50
------ ---        ---        ------ ----       ---        ---        -------
ALL     1,118,272  1,678,784   1.50  1,229,032  1,114,880  5,312,640   100.0
FTR       302,848    306,432   1.01    291,567    172,992    310,912    27.1
STG       170,560    174,464   1.02    170,828    166,592    177,216    15.3
BG          4,096      4,224   1.03      4,113      3,904      4,352     0.4
AUD         2,496      6,912   2.77      8,640      1,152    148,672     0.2
HUD           960    419,584 437.07     35,089        832  2,483,008     0.1
SRC       328,640    573,888   1.75    359,915     10,432  4,562,240    29.4
MISC      103,872    191,104   1.84    114,381     81,792    324,736     9.3
OTHR      225,728    528,128   2.34    244,498     20,288    580,160    20.2
WAIT      205,760    509,696   2.48    224,847        832    560,384    18.4
WORK      949,440  1,378,624   1.45  1,004,186    605,440  5,149,760    84.9
SHDT        4,736    169,792  35.85     17,773          0    467,584     0.4
SWRM          576        640   1.11        595        448      4,032     0.1
GCRA      323,648    568,960   1.76    354,834      6,528  4,557,376    28.9
SCPU       40,704    108,032   2.65     43,941          0    143,232     3.6
SCAT        1,408      1,536   1.09      1,357          0      1,728     0.1
SPRM        1,984      2,176   1.10      6,489          0    732,800     0.2
SINT      148,800    328,000   2.20    169,083          0  4,406,272    13.3
SPHD       57,280     95,680   1.67     67,970          0  1,304,704     5.1
SPHC          640        768   1.20        649          0        960     0.1
WORK-H    938,944  1,213,440   1.29    969,096    597,248  5,148,736    84.0

named=984,533 (80.1% of ALL)  VBI 2:1657 3:329 4:31 5+:21 max:20 total:2038  slips=0
extras: gNdsR204AnimSeen[0]=2,287,992,071  gNdsR204AnimSeen[1]=1,021,392,552  gNdsR204AnimSeen[2]=0  gNdsR204AnimSeen[3]=3,858,759,680  gNdsR204AnimSeen[4]=4,270,243,584  gNdsR204AnimSeen[5]=326,115,375  gNdsR204AnimSeen[6]=5,700  gNdsR204AnimSeen[7]=0  gNdsR204AnimSeen[8]=3,271,590,800  gNdsR204AnimSeen[9]=123  gNdsR2AnimWarmLoaded=83  gNdsR2AnimCacheFills=32  gNdsR2AnimCacheMisses=32  gNdsR2AnimCacheArenaUsedBytes=257,200
Wrote artifacts/performance/2026-08-12_c123-rebank/animseen.json
