Tick-HUD buckets: target=smash64ds-battle-playable-tickhud-hwtri samples=1600 frames=439..2038 melonDS=1.0 sha=DE80E46BDCF1FD98 git=cffcea495a6+dirty(5) dldi=ON

bucket p50        p95        spread mean       min        max        %ALLp50
------ ---        ---        ------ ----       ---        ---        -------
ALL     1,118,208  1,678,720   1.50  1,229,505  1,114,944  5,872,896   100.0
FTR       296,576    323,008   1.09    293,158    169,152  4,489,792    26.5
STG       162,880    167,168   1.03    163,268    159,424    170,688    14.6
BG          4,032      4,096   1.02      4,000      3,712      4,288     0.4
AUD         2,880      7,808   2.71      9,031      1,088    158,144     0.3
HUD           960    425,088 442.80     35,675        896  2,494,016     0.1
SRC       324,672    596,480   1.84    360,742     10,880  4,549,568    29.0
MISC      103,680    180,224   1.74    111,390     81,600    274,816     9.3
OTHR      236,480    532,928   2.25    252,240     19,904    579,584    21.1
WAIT      216,832    514,048   2.37    232,455        832    559,360    19.4
WORK      933,120  1,370,112   1.47    997,050    597,632  5,578,752    83.4
SHDT        4,224     88,704  21.00     14,156          0    497,280     0.4
SWRM          832        896   1.08        817        640        960     0.1
GCRA      319,680    591,488   1.85    355,538      6,784  4,544,576    28.6
SCPU       42,368    106,176   2.51     45,328          0    138,560     3.8
SCAT        1,344      1,472   1.10      1,282          0      1,664     0.1
SPRM        1,984      2,176   1.10      4,709          0    648,320     0.2
SINT      150,720    360,256   2.39    175,595          0  4,401,472    13.5
SPHD       58,368     99,392   1.70     66,407          0    716,224     5.2
SPHC          640        768   1.20        651          0      1,024     0.1
WORK-H    924,928  1,260,096   1.36    961,375    589,504  5,157,760    82.7

named=977,264 (79.5% of ALL)  VBI 2:1697 3:310 4:18 5+:13 max:26 total:2038  slips=0
extras: gNdsBattleTextHudP0Damage=0  gNdsBattleTextHudP1Damage=58  gNdsBattleTextHudP0Stock=1  gNdsBattleTextHudP1Stock=1  gNdsFighterProjectileProofSpawnCallCount=8  gNdsFighterProjectileProofSpawnSuccessCount=8  gNdsFoxBlasterQuadDrawCount=38  gNdsFoxBlasterQuadFallbackCount=0  gNdsFoxBlasterGlowAOTSpawnCount=7  gNdsFoxBlasterGlowAOTDrawCount=30  gNdsFoxBlasterGlowAOTFallbackCount=0  gNdsFoxBlasterGlowAOTMissCount=0  gNdsKOBurstAttemptCount=0  gNdsKOBurstCompleteCount=0
Wrote D:\Stuff\DevFolder\Smash64DS_Port\artifacts\performance\2026-08-13_c-fox-bore\ctl-c136.json
