{
  "profile": "artifacts\\performance\\2026-08-15_cfx-narrow-exchange\\v3-b-c181\\arm9-profile.csv",
  "elf": "builds\\build-c181-cfxnarrow-b-d0\\smash64ds-battle-playable-tickhud-hwtri.elf",
  "regions": 1600,
  "marginal_regions": 80,
  "marginal_threshold_ticks": 1194342,
  "absent_symbols": [],
  "rows": [
    {
      "symbol": "ndsRendererExecuteNativeFighterOwnerHierarchy",
      "entry_pc": "0x02029588",
      "size": 6576,
      "calls_whole_match": 0,
      "calls_per_region": 0.0,
      "calls_on_p95_set": 0,
      "calls_per_p95_region": 0.0,
      "calls_off_p95_set": 0,
      "calls_per_body_region": 0.0,
      "p95_regions_with_a_call": 0,
      "p95_regions_total": 80,
      "body_regions_with_a_call": 0,
      "body_regions_total": 1520,
      "presence_ratio": "inf"
    },
    {
      "symbol": "ndsRendererNativeStageTask36EnsureWorld",
      "entry_pc": "0x02016bcc",
      "size": 1004,
      "calls_whole_match": 0,
      "calls_per_region": 0.0,
      "calls_on_p95_set": 0,
      "calls_per_p95_region": 0.0,
      "calls_off_p95_set": 0,
      "calls_per_body_region": 0.0,
      "p95_regions_with_a_call": 0,
      "p95_regions_total": 80,
      "body_regions_with_a_call": 0,
      "body_regions_total": 1520,
      "presence_ratio": "inf"
    },
    {
      "symbol": "ndsRendererNativeStageTask36EndSegment.part.0",
      "entry_pc": "0x02013d5c",
      "size": 272,
      "calls_whole_match": 4800,
      "calls_per_region": 3.0,
      "calls_on_p95_set": 240,
      "calls_per_p95_region": 3.0,
      "calls_off_p95_set": 4560,
      "calls_per_body_region": 3.0,
      "p95_regions_with_a_call": 80,
      "p95_regions_total": 80,
      "body_regions_with_a_call": 1520,
      "body_regions_total": 1520,
      "presence_ratio": 1.0
    },
    {
      "symbol": "ndsRendererNativeStageTask36BeginSegment",
      "entry_pc": "0x020145bc",
      "size": 860,
      "calls_whole_match": 4802,
      "calls_per_region": 3.0013,
      "calls_on_p95_set": 240,
      "calls_per_p95_region": 3.0,
      "calls_off_p95_set": 4562,
      "calls_per_body_region": 3.0013,
      "p95_regions_with_a_call": 80,
      "p95_regions_total": 80,
      "body_regions_with_a_call": 1520,
      "body_regions_total": 1520,
      "presence_ratio": 1.0
    },
    {
      "symbol": "ndsRendererR2WriteLightVector",
      "entry_pc": "0x02013e6c",
      "size": 800,
      "calls_whole_match": 3074,
      "calls_per_region": 1.9212,
      "calls_on_p95_set": 158,
      "calls_per_p95_region": 1.975,
      "calls_off_p95_set": 2916,
      "calls_per_body_region": 1.9184,
      "p95_regions_with_a_call": 80,
      "p95_regions_total": 80,
      "body_regions_with_a_call": 1520,
      "body_regions_total": 1520,
      "presence_ratio": 1.029
    },
    {
      "symbol": "ndsRendererSubmitNativeRebirthHalo",
      "entry_pc": "0x02027b5c",
      "size": 6632,
      "calls_whole_match": 348,
      "calls_per_region": 0.2175,
      "calls_on_p95_set": 3,
      "calls_per_p95_region": 0.0375,
      "calls_off_p95_set": 345,
      "calls_per_body_region": 0.227,
      "p95_regions_with_a_call": 1,
      "p95_regions_total": 80,
      "body_regions_with_a_call": 115,
      "body_regions_total": 1520,
      "presence_ratio": 0.165
    },
    {
      "symbol": "ndsRendererSubmitFoxBlasterQuad",
      "entry_pc": "0x02025048",
      "size": 3176,
      "calls_whole_match": 60,
      "calls_per_region": 0.0375,
      "calls_on_p95_set": 6,
      "calls_per_p95_region": 0.075,
      "calls_off_p95_set": 54,
      "calls_per_body_region": 0.0355,
      "p95_regions_with_a_call": 6,
      "p95_regions_total": 80,
      "body_regions_with_a_call": 54,
      "body_regions_total": 1520,
      "presence_ratio": 2.111
    },
    {
      "symbol": "ndsRendererPrepareWhispyQuadState",
      "entry_pc": "0x02018414",
      "size": 2600,
      "calls_whole_match": 3182,
      "calls_per_region": 1.9888,
      "calls_on_p95_set": 187,
      "calls_per_p95_region": 2.3375,
      "calls_off_p95_set": 2995,
      "calls_per_body_region": 1.9704,
      "p95_regions_with_a_call": 70,
      "p95_regions_total": 80,
      "body_regions_with_a_call": 1005,
      "body_regions_total": 1520,
      "presence_ratio": 1.186
    },
    {
      "symbol": "ndsRendererEndParticleQuads",
      "entry_pc": "0x02024f44",
      "size": 260,
      "calls_whole_match": 6571,
      "calls_per_region": 4.1069,
      "calls_on_p95_set": 334,
      "calls_per_p95_region": 4.175,
      "calls_off_p95_set": 6237,
      "calls_per_body_region": 4.1033,
      "p95_regions_with_a_call": 80,
      "p95_regions_total": 80,
      "body_regions_with_a_call": 1520,
      "body_regions_total": 1520,
      "presence_ratio": 1.017
    },
    {
      "symbol": "ndsRendererSubmitParticleQuad",
      "entry_pc": "0x02021e2c",
      "size": 4232,
      "calls_whole_match": 2950,
      "calls_per_region": 1.8438,
      "calls_on_p95_set": 172,
      "calls_per_p95_region": 2.15,
      "calls_off_p95_set": 2778,
      "calls_per_body_region": 1.8276,
      "p95_regions_with_a_call": 61,
      "p95_regions_total": 80,
      "body_regions_with_a_call": 881,
      "body_regions_total": 1520,
      "presence_ratio": 1.176
    },
    {
      "symbol": "ndsRendererSubmitWhispyNativeQuad",
      "entry_pc": "0x02023070",
      "size": 7892,
      "calls_whole_match": 3714,
      "calls_per_region": 2.3213,
      "calls_on_p95_set": 387,
      "calls_per_p95_region": 4.8375,
      "calls_off_p95_set": 3327,
      "calls_per_body_region": 2.1888,
      "p95_regions_with_a_call": 30,
      "p95_regions_total": 80,
      "body_regions_with_a_call": 310,
      "body_regions_total": 1520,
      "presence_ratio": 2.21
    },
    {
      "symbol": "_FAT_read_r",
      "entry_pc": "0x020b84b4",
      "size": 124,
      "calls_whole_match": 3790,
      "calls_per_region": 2.3687,
      "calls_on_p95_set": 3449,
      "calls_per_p95_region": 43.1125,
      "calls_off_p95_set": 341,
      "calls_per_body_region": 0.2243,
      "p95_regions_with_a_call": 50,
      "p95_regions_total": 80,
      "body_regions_with_a_call": 121,
      "body_regions_total": 1520,
      "presence_ratio": 192.173
    },
    {
      "symbol": "_FAT_seek_r",
      "entry_pc": "0x020b7da8",
      "size": 316,
      "calls_whole_match": 217,
      "calls_per_region": 0.1356,
      "calls_on_p95_set": 110,
      "calls_per_p95_region": 1.375,
      "calls_off_p95_set": 107,
      "calls_per_body_region": 0.0704,
      "p95_regions_with_a_call": 50,
      "p95_regions_total": 80,
      "body_regions_with_a_call": 101,
      "body_regions_total": 1520,
      "presence_ratio": 19.533
    },
    {
      "symbol": "_FAT_open_r",
      "entry_pc": "0x020b8950",
      "size": 292,
      "calls_whole_match": 0,
      "calls_per_region": 0.0,
      "calls_on_p95_set": 0,
      "calls_per_p95_region": 0.0,
      "calls_off_p95_set": 0,
      "calls_per_body_region": 0.0,
      "p95_regions_with_a_call": 0,
      "p95_regions_total": 80,
      "body_regions_with_a_call": 0,
      "body_regions_total": 1520,
      "presence_ratio": "inf"
    },
    {
      "symbol": "fread",
      "entry_pc": "0x020c4580",
      "size": 36,
      "calls_whole_match": 306,
      "calls_per_region": 0.1913,
      "calls_on_p95_set": 107,
      "calls_per_p95_region": 1.3375,
      "calls_off_p95_set": 199,
      "calls_per_body_region": 0.1309,
      "p95_regions_with_a_call": 50,
      "p95_regions_total": 80,
      "body_regions_with_a_call": 121,
      "body_regions_total": 1520,
      "presence_ratio": 10.216
    },
    {
      "symbol": "ndsR2AnimCachePreloadStep",
      "entry_pc": "0x0205ae80",
      "size": 840,
      "calls_whole_match": 3200,
      "calls_per_region": 2.0,
      "calls_on_p95_set": 160,
      "calls_per_p95_region": 2.0,
      "calls_off_p95_set": 3040,
      "calls_per_body_region": 2.0,
      "p95_regions_with_a_call": 80,
      "p95_regions_total": 80,
      "body_regions_with_a_call": 1520,
      "body_regions_total": 1520,
      "presence_ratio": 1.0
    },
    {
      "symbol": "ndsRelocAssetReadRawRange",
      "entry_pc": "0x0200b978",
      "size": 132,
      "calls_whole_match": 0,
      "calls_per_region": 0.0,
      "calls_on_p95_set": 0,
      "calls_per_p95_region": 0.0,
      "calls_off_p95_set": 0,
      "calls_per_body_region": 0.0,
      "p95_regions_with_a_call": 0,
      "p95_regions_total": 80,
      "body_regions_with_a_call": 0,
      "body_regions_total": 1520,
      "presence_ratio": "inf"
    },
    {
      "symbol": "ndsRelocAssetReadHeaderFromFile",
      "entry_pc": "0x0200b4e0",
      "size": 160,
      "calls_whole_match": 7,
      "calls_per_region": 0.0044,
      "calls_on_p95_set": 7,
      "calls_per_p95_region": 0.0875,
      "calls_off_p95_set": 0,
      "calls_per_body_region": 0.0,
      "p95_regions_with_a_call": 7,
      "p95_regions_total": 80,
      "body_regions_with_a_call": 0,
      "body_regions_total": 1520,
      "presence_ratio": "inf"
    },
    {
      "symbol": "ndsRelocAssetReadHeader",
      "entry_pc": "0x0200b580",
      "size": 96,
      "calls_whole_match": 0,
      "calls_per_region": 0.0,
      "calls_on_p95_set": 0,
      "calls_per_p95_region": 0.0,
      "calls_off_p95_set": 0,
      "calls_per_body_region": 0.0,
      "p95_regions_with_a_call": 0,
      "p95_regions_total": 80,
      "body_regions_with_a_call": 0,
      "body_regions_total": 1520,
      "presence_ratio": "inf"
    },
    {
      "symbol": "lbRelocGetForceExternHeapFile",
      "entry_pc": "0x0205b1c8",
      "size": 1156,
      "calls_whole_match": 299,
      "calls_per_region": 0.1869,
      "calls_on_p95_set": 67,
      "calls_per_p95_region": 0.8375,
      "calls_off_p95_set": 232,
      "calls_per_body_region": 0.1526,
      "p95_regions_with_a_call": 47,
      "p95_regions_total": 80,
      "body_regions_with_a_call": 189,
      "body_regions_total": 1520,
      "presence_ratio": 5.487
    },
    {
      "symbol": "ndsRelocLoadExternTreeAsset",
      "entry_pc": "0x020407a4",
      "size": 440,
      "calls_whole_match": 0,
      "calls_per_region": 0.0,
      "calls_on_p95_set": 0,
      "calls_per_p95_region": 0.0,
      "calls_off_p95_set": 0,
      "calls_per_body_region": 0.0,
      "p95_regions_with_a_call": 0,
      "p95_regions_total": 80,
      "body_regions_with_a_call": 0,
      "body_regions_total": 1520,
      "presence_ratio": "inf"
    },
    {
      "symbol": "ndsAudioBgmPlay",
      "entry_pc": "0x0200cbcc",
      "size": 1252,
      "calls_whole_match": 0,
      "calls_per_region": 0.0,
      "calls_on_p95_set": 0,
      "calls_per_p95_region": 0.0,
      "calls_off_p95_set": 0,
      "calls_per_body_region": 0.0,
      "p95_regions_with_a_call": 0,
      "p95_regions_total": 80,
      "body_regions_with_a_call": 0,
      "body_regions_total": 1520,
      "presence_ratio": "inf"
    },
    {
      "symbol": "move_window",
      "entry_pc": "0x020b934c",
      "size": 196,
      "calls_whole_match": 106276,
      "calls_per_region": 66.4225,
      "calls_on_p95_set": 49819,
      "calls_per_p95_region": 622.7375,
      "calls_off_p95_set": 56457,
      "calls_per_body_region": 37.1428,
      "p95_regions_with_a_call": 50,
      "p95_regions_total": 80,
      "body_regions_with_a_call": 119,
      "body_regions_total": 1520,
      "presence_ratio": 16.766
    },
    {
      "symbol": "ndsRelocAssetGetPath",
      "entry_pc": "0x0200b49c",
      "size": 14,
      "calls_whole_match": 137,
      "calls_per_region": 0.0856,
      "calls_on_p95_set": 37,
      "calls_per_p95_region": 0.4625,
      "calls_off_p95_set": 100,
      "calls_per_body_region": 0.0658,
      "p95_regions_with_a_call": 32,
      "p95_regions_total": 80,
      "body_regions_with_a_call": 89,
      "body_regions_total": 1520,
      "presence_ratio": 7.03
    },
    {
      "symbol": "lbRelocLoadFilesExtern",
      "entry_pc": "0x0205c37c",
      "size": 3008,
      "calls_whole_match": 0,
      "calls_per_region": 0.0,
      "calls_on_p95_set": 0,
      "calls_per_p95_region": 0.0,
      "calls_off_p95_set": 0,
      "calls_per_body_region": 0.0,
      "p95_regions_with_a_call": 0,
      "p95_regions_total": 80,
      "body_regions_with_a_call": 0,
      "body_regions_total": 1520,
      "presence_ratio": "inf"
    },
    {
      "symbol": "ndsRelocGetFileData",
      "entry_pc": "0x0205b7b8",
      "size": 2252,
      "calls_whole_match": 8284,
      "calls_per_region": 5.1775,
      "calls_on_p95_set": 426,
      "calls_per_p95_region": 5.325,
      "calls_off_p95_set": 7858,
      "calls_per_body_region": 5.1697,
      "p95_regions_with_a_call": 80,
      "p95_regions_total": 80,
      "body_regions_with_a_call": 1520,
      "body_regions_total": 1520,
      "presence_ratio": 1.03
    },
    {
      "symbol": "ndsRendererLoadHardwareSplitMatrices",
      "entry_pc": "0x02012320",
      "size": 392,
      "calls_whole_match": 49664,
      "calls_per_region": 31.04,
      "calls_on_p95_set": 2535,
      "calls_per_p95_region": 31.6875,
      "calls_off_p95_set": 47129,
      "calls_per_body_region": 31.0059,
      "p95_regions_with_a_call": 80,
      "p95_regions_total": 80,
      "body_regions_with_a_call": 1520,
      "body_regions_total": 1520,
      "presence_ratio": 1.022
    },
    {
      "symbol": "ndsRendererHardwareEndBatch.part.0",
      "entry_pc": "0x0201223c",
      "size": 228,
      "calls_whole_match": 108629,
      "calls_per_region": 67.8931,
      "calls_on_p95_set": 5497,
      "calls_per_p95_region": 68.7125,
      "calls_off_p95_set": 103132,
      "calls_per_body_region": 67.85,
      "p95_regions_with_a_call": 80,
      "p95_regions_total": 80,
      "body_regions_with_a_call": 1520,
      "body_regions_total": 1520,
      "presence_ratio": 1.013
    },
    {
      "symbol": "ndsRendererNativeStageBeginRun.part.0",
      "entry_pc": "0x02016fb8",
      "size": 1928,
      "calls_whole_match": 86400,
      "calls_per_region": 54.0,
      "calls_on_p95_set": 4320,
      "calls_per_p95_region": 54.0,
      "calls_off_p95_set": 82080,
      "calls_per_body_region": 54.0,
      "p95_regions_with_a_call": 80,
      "p95_regions_total": 80,
      "body_regions_with_a_call": 1520,
      "body_regions_total": 1520,
      "presence_ratio": 1.0
    },
    {
      "symbol": "ndsRendererNativeStagePrepareRun.constprop.0",
      "entry_pc": "0x020028d0",
      "size": 2128,
      "calls_whole_match": 0,
      "calls_per_region": 0.0,
      "calls_on_p95_set": 0,
      "calls_per_p95_region": 0.0,
      "calls_off_p95_set": 0,
      "calls_per_body_region": 0.0,
      "p95_regions_with_a_call": 0,
      "p95_regions_total": 80,
      "body_regions_with_a_call": 0,
      "body_regions_total": 1520,
      "presence_ratio": "inf"
    },
    {
      "symbol": "ndsRendererNativeStageApplyStateSpan.constprop.0",
      "entry_pc": "0x02019100",
      "size": 348,
      "calls_whole_match": 0,
      "calls_per_region": 0.0,
      "calls_on_p95_set": 0,
      "calls_per_p95_region": 0.0,
      "calls_off_p95_set": 0,
      "calls_per_body_region": 0.0,
      "p95_regions_with_a_call": 0,
      "p95_regions_total": 80,
      "body_regions_with_a_call": 0,
      "body_regions_total": 1520,
      "presence_ratio": "inf"
    },
    {
      "symbol": "ndsRendererHardwareBeginTriangleBatch",
      "entry_pc": "0x020159e4",
      "size": 2160,
      "calls_whole_match": 1368,
      "calls_per_region": 0.855,
      "calls_on_p95_set": 55,
      "calls_per_p95_region": 0.6875,
      "calls_off_p95_set": 1313,
      "calls_per_body_region": 0.8638,
      "p95_regions_with_a_call": 16,
      "p95_regions_total": 80,
      "body_regions_with_a_call": 229,
      "body_regions_total": 1520,
      "presence_ratio": 0.796
    },
    {
      "symbol": "ndsRendererExecuteNativeFighterRoot",
      "entry_pc": "0x0202ee24",
      "size": 4,
      "calls_whole_match": 0,
      "calls_per_region": 0.0,
      "calls_on_p95_set": 0,
      "calls_per_p95_region": 0.0,
      "calls_off_p95_set": 0,
      "calls_per_body_region": 0.0,
      "p95_regions_with_a_call": 0,
      "p95_regions_total": 80,
      "body_regions_with_a_call": 0,
      "body_regions_total": 1520,
      "presence_ratio": "inf"
    },
    {
      "symbol": "ndsRendererExecuteNativeFighterRootHardware",
      "entry_pc": "0x0201dddc",
      "size": 7496,
      "calls_whole_match": 0,
      "calls_per_region": 0.0,
      "calls_on_p95_set": 0,
      "calls_per_p95_region": 0.0,
      "calls_off_p95_set": 0,
      "calls_per_body_region": 0.0,
      "p95_regions_with_a_call": 0,
      "p95_regions_total": 80,
      "body_regions_with_a_call": 0,
      "body_regions_total": 1520,
      "presence_ratio": "inf"
    },
    {
      "symbol": "ndsRendererNativeStageEmitClippedVertex",
      "entry_pc": "0x02004108",
      "size": 816,
      "calls_whole_match": 0,
      "calls_per_region": 0.0,
      "calls_on_p95_set": 0,
      "calls_per_p95_region": 0.0,
      "calls_off_p95_set": 0,
      "calls_per_body_region": 0.0,
      "p95_regions_with_a_call": 0,
      "p95_regions_total": 80,
      "body_regions_with_a_call": 0,
      "body_regions_total": 1520,
      "presence_ratio": "inf"
    },
    {
      "symbol": "ndsRendererNativeStageEmitNearClippedTriangle",
      "entry_pc": "0x02004438",
      "size": 340,
      "calls_whole_match": 0,
      "calls_per_region": 0.0,
      "calls_on_p95_set": 0,
      "calls_per_p95_region": 0.0,
      "calls_off_p95_set": 0,
      "calls_per_body_region": 0.0,
      "p95_regions_with_a_call": 0,
      "p95_regions_total": 80,
      "body_regions_with_a_call": 0,
      "body_regions_total": 1520,
      "presence_ratio": "inf"
    }
  ]
}
