{
  "profile": "artifacts\\performance\\2026-08-15_cfx-narrow-exchange\\v3-b-c181\\arm9-profile.csv",
  "elf": "builds\\build-c181-cfxnarrow-b-d0\\smash64ds-battle-playable-tickhud-hwtri.elf",
  "regions": 1600,
  "marginal_regions": 80,
  "marginal_threshold_ticks": 1194342,
  "absent_symbols": [
    "ndsRendererBuildRawHardwareMatrix",
    "ndsRendererCopyMtx20p12ToM4x4"
  ],
  "rows": [
    {
      "symbol": "ndsRendererSyncTextureTile",
      "entry_pc": "0x01ff87c0",
      "size": 212,
      "calls_whole_match": 114170,
      "calls_per_region": 71.3563,
      "calls_on_p95_set": 5814,
      "calls_per_p95_region": 72.675,
      "calls_off_p95_set": 108356,
      "calls_per_body_region": 71.2868,
      "p95_regions_with_a_call": 80,
      "p95_regions_total": 80,
      "body_regions_with_a_call": 1520,
      "body_regions_total": 1520,
      "presence_ratio": 1.019
    },
    {
      "symbol": "ndsRendererAdapterBuildPersistentStageWorldMatrix.constprop.0",
      "entry_pc": "0x02044464",
      "size": 952,
      "calls_whole_match": 26039,
      "calls_per_region": 16.2744,
      "calls_on_p95_set": 1301,
      "calls_per_p95_region": 16.2625,
      "calls_off_p95_set": 24738,
      "calls_per_body_region": 16.275,
      "p95_regions_with_a_call": 80,
      "p95_regions_total": 80,
      "body_regions_with_a_call": 1520,
      "body_regions_total": 1520,
      "presence_ratio": 0.999
    },
    {
      "symbol": "ndsRendererAdapterBuildDObjXObjMatrix",
      "entry_pc": "0x02043984",
      "size": 2440,
      "calls_whole_match": 88274,
      "calls_per_region": 55.1713,
      "calls_on_p95_set": 4564,
      "calls_per_p95_region": 57.05,
      "calls_off_p95_set": 83710,
      "calls_per_body_region": 55.0724,
      "p95_regions_with_a_call": 80,
      "p95_regions_total": 80,
      "body_regions_with_a_call": 1520,
      "body_regions_total": 1520,
      "presence_ratio": 1.036
    },
    {
      "symbol": "ndsRendererAdapterBuildFighterTraRotRpyDirect20p12",
      "entry_pc": "0x02042d8c",
      "size": 2056,
      "calls_whole_match": 60975,
      "calls_per_region": 38.1094,
      "calls_on_p95_set": 2542,
      "calls_per_p95_region": 31.775,
      "calls_off_p95_set": 58433,
      "calls_per_body_region": 38.4428,
      "p95_regions_with_a_call": 80,
      "p95_regions_total": 80,
      "body_regions_with_a_call": 1520,
      "body_regions_total": 1520,
      "presence_ratio": 0.827
    },
    {
      "symbol": "ndsRendererMtxMul20p12",
      "entry_pc": "0x01ffa044",
      "size": 312,
      "calls_whole_match": 29522,
      "calls_per_region": 18.4513,
      "calls_on_p95_set": 1478,
      "calls_per_p95_region": 18.475,
      "calls_off_p95_set": 28044,
      "calls_per_body_region": 18.45,
      "p95_regions_with_a_call": 80,
      "p95_regions_total": 80,
      "body_regions_with_a_call": 1520,
      "body_regions_total": 1520,
      "presence_ratio": 1.001
    },
    {
      "symbol": "ndsRendererHardwareResolveOrBindTexture",
      "entry_pc": "0x02019e84",
      "size": 10924,
      "calls_whole_match": 176,
      "calls_per_region": 0.11,
      "calls_on_p95_set": 14,
      "calls_per_p95_region": 0.175,
      "calls_off_p95_set": 162,
      "calls_per_body_region": 0.1066,
      "p95_regions_with_a_call": 10,
      "p95_regions_total": 80,
      "body_regions_with_a_call": 95,
      "body_regions_total": 1520,
      "presence_ratio": 1.642
    },
    {
      "symbol": "ndsRendererHardwareBindTextureName",
      "entry_pc": "0x020134e0",
      "size": 268,
      "calls_whole_match": 163323,
      "calls_per_region": 102.0769,
      "calls_on_p95_set": 8276,
      "calls_per_p95_region": 103.45,
      "calls_off_p95_set": 155047,
      "calls_per_body_region": 102.0046,
      "p95_regions_with_a_call": 80,
      "p95_regions_total": 80,
      "body_regions_with_a_call": 1520,
      "body_regions_total": 1520,
      "presence_ratio": 1.014
    },
    {
      "symbol": "glBindTexture",
      "entry_pc": "0x020bf23c",
      "size": 92,
      "calls_whole_match": 88476,
      "calls_per_region": 55.2975,
      "calls_on_p95_set": 4458,
      "calls_per_p95_region": 55.725,
      "calls_off_p95_set": 84018,
      "calls_per_body_region": 55.275,
      "p95_regions_with_a_call": 80,
      "p95_regions_total": 80,
      "body_regions_with_a_call": 1520,
      "body_regions_total": 1520,
      "presence_ratio": 1.008
    },
    {
      "symbol": "ndsRendererNativeApplyMaterial.part.0",
      "entry_pc": "0x02016254",
      "size": 1656,
      "calls_whole_match": 46193,
      "calls_per_region": 28.8706,
      "calls_on_p95_set": 2377,
      "calls_per_p95_region": 29.7125,
      "calls_off_p95_set": 43816,
      "calls_per_body_region": 28.8263,
      "p95_regions_with_a_call": 80,
      "p95_regions_total": 80,
      "body_regions_with_a_call": 1520,
      "body_regions_total": 1520,
      "presence_ratio": 1.031
    },
    {
      "symbol": "ndsRendererNativeApplyStateDelta",
      "entry_pc": "0x01ff9d98",
      "size": 492,
      "calls_whole_match": 304009,
      "calls_per_region": 190.0056,
      "calls_on_p95_set": 15556,
      "calls_per_p95_region": 194.45,
      "calls_off_p95_set": 288453,
      "calls_per_body_region": 189.7717,
      "p95_regions_with_a_call": 80,
      "p95_regions_total": 80,
      "body_regions_with_a_call": 1520,
      "body_regions_total": 1520,
      "presence_ratio": 1.025
    },
    {
      "symbol": "ndsRendererAdapterBuildDObjLocalMatrix",
      "entry_pc": "0x0204430c",
      "size": 206,
      "calls_whole_match": 88323,
      "calls_per_region": 55.2019,
      "calls_on_p95_set": 4571,
      "calls_per_p95_region": 57.1375,
      "calls_off_p95_set": 83752,
      "calls_per_body_region": 55.1,
      "p95_regions_with_a_call": 80,
      "p95_regions_total": 80,
      "body_regions_with_a_call": 1520,
      "body_regions_total": 1520,
      "presence_ratio": 1.037
    },
    {
      "symbol": "ndsRendererLoadHardwareMatrixPair.constprop.0",
      "entry_pc": "0x0201388c",
      "size": 676,
      "calls_whole_match": 30615,
      "calls_per_region": 19.1344,
      "calls_on_p95_set": 1541,
      "calls_per_p95_region": 19.2625,
      "calls_off_p95_set": 29074,
      "calls_per_body_region": 19.1276,
      "p95_regions_with_a_call": 80,
      "p95_regions_total": 80,
      "body_regions_with_a_call": 1520,
      "body_regions_total": 1520,
      "presence_ratio": 1.007
    },
    {
      "symbol": "ndsRendererTask36ReplayRun",
      "entry_pc": "0x01ff8fb8",
      "size": 608,
      "calls_whole_match": 52800,
      "calls_per_region": 33.0,
      "calls_on_p95_set": 2640,
      "calls_per_p95_region": 33.0,
      "calls_off_p95_set": 50160,
      "calls_per_body_region": 33.0,
      "p95_regions_with_a_call": 80,
      "p95_regions_total": 80,
      "body_regions_with_a_call": 1520,
      "body_regions_total": 1520,
      "presence_ratio": 1.0
    },
    {
      "symbol": "ndsStageGCDrawAllLoopRecordCapturedDisplay",
      "entry_pc": "0x0205e9ec",
      "size": 464,
      "calls_whole_match": 43770,
      "calls_per_region": 27.3562,
      "calls_on_p95_set": 2195,
      "calls_per_p95_region": 27.4375,
      "calls_off_p95_set": 41575,
      "calls_per_body_region": 27.352,
      "p95_regions_with_a_call": 80,
      "p95_regions_total": 80,
      "body_regions_with_a_call": 1520,
      "body_regions_total": 1520,
      "presence_ratio": 1.003
    },
    {
      "symbol": "ndsRendererAdapterMarkDisplayProcHeads",
      "entry_pc": "0x0205d454",
      "size": 108,
      "calls_whole_match": 43769,
      "calls_per_region": 27.3556,
      "calls_on_p95_set": 2195,
      "calls_per_p95_region": 27.4375,
      "calls_off_p95_set": 41574,
      "calls_per_body_region": 27.3513,
      "p95_regions_with_a_call": 80,
      "p95_regions_total": 80,
      "body_regions_with_a_call": 1520,
      "body_regions_total": 1520,
      "presence_ratio": 1.003
    },
    {
      "symbol": "ndsRendererAdapterPrepareNativeStageOwner",
      "entry_pc": "0x0205d648",
      "size": 2544,
      "calls_whole_match": 1600,
      "calls_per_region": 1.0,
      "calls_on_p95_set": 80,
      "calls_per_p95_region": 1.0,
      "calls_off_p95_set": 1520,
      "calls_per_body_region": 1.0,
      "p95_regions_with_a_call": 80,
      "p95_regions_total": 80,
      "body_regions_with_a_call": 1520,
      "body_regions_total": 1520,
      "presence_ratio": 1.0
    },
    {
      "symbol": "ndsRendererNativeShadeProductionActions.constprop.0.isra.0",
      "entry_pc": "0x01ffd2e8",
      "size": 580,
      "calls_whole_match": 75798,
      "calls_per_region": 47.3738,
      "calls_on_p95_set": 3884,
      "calls_per_p95_region": 48.55,
      "calls_off_p95_set": 71914,
      "calls_per_body_region": 47.3118,
      "p95_regions_with_a_call": 80,
      "p95_regions_total": 80,
      "body_regions_with_a_call": 1520,
      "body_regions_total": 1520,
      "presence_ratio": 1.026
    },
    {
      "symbol": "ndsRendererNativeEmitProductionCrossRun.constprop.0",
      "entry_pc": "0x01ffce84",
      "size": 576,
      "calls_whole_match": 19763,
      "calls_per_region": 12.3519,
      "calls_on_p95_set": 1022,
      "calls_per_p95_region": 12.775,
      "calls_off_p95_set": 18741,
      "calls_per_body_region": 12.3296,
      "p95_regions_with_a_call": 80,
      "p95_regions_total": 80,
      "body_regions_with_a_call": 1520,
      "body_regions_total": 1520,
      "presence_ratio": 1.036
    },
    {
      "symbol": "lbParticleDrawTextures",
      "entry_pc": "0x020ae7c4",
      "size": 3960,
      "calls_whole_match": 6400,
      "calls_per_region": 4.0,
      "calls_on_p95_set": 320,
      "calls_per_p95_region": 4.0,
      "calls_off_p95_set": 6080,
      "calls_per_body_region": 4.0,
      "p95_regions_with_a_call": 80,
      "p95_regions_total": 80,
      "body_regions_with_a_call": 1520,
      "body_regions_total": 1520,
      "presence_ratio": 1.0
    },
    {
      "symbol": "ndsRendererBuildRawHardwareMatrix",
      "entry_pc": "ABSENT (inlined or not linked)"
    },
    {
      "symbol": "ndsRendererCopyMtx20p12ToM4x4",
      "entry_pc": "ABSENT (inlined or not linked)"
    }
  ]
}
