Wrote artifacts/performance/2026-08-15_ftanim-dense-runtime/c196-off-rows.csv
Tick-HUD buckets: target=smash64ds-battle-playable-tickhud-hwtri samples=1600 frames=439..2038 melonDS=1.0 sha=DE80E46BDCF1FD98 git=df3bc581f28+dirty(15) dldi=ON

bucket p50        p95        spread mean       min        max        %ALLp50
------ ---        ---        ------ ----       ---        ---        -------
ALL     1,117,696  1,678,208   1.50  1,223,768  1,116,544  3,918,720   100.0
FTR       300,224    304,960   1.02    288,581    171,584    336,000    26.9
STG       174,912    182,976   1.05    176,600    171,136    190,016    15.6
BG          4,160      4,288   1.03      4,153      3,968      4,480     0.4
AUD         2,752      7,104   2.58      8,831      1,216    152,384     0.2
HUD         1,024    416,832 407.06     35,285        896  2,535,808     0.1
SRC       338,304    565,760   1.67    357,434     11,136  1,232,512    30.3
MISC      109,376    176,320   1.61    115,187     83,200    329,856     9.8
OTHR      213,312    510,272   2.39    237,696     20,672    580,544    19.1
WAIT      193,920    490,560   2.53    218,119      1,088    560,512    17.3
WORK      958,400  1,388,352   1.45  1,005,650    676,800  3,664,384    85.7
SHDT        4,672     83,200  17.81     14,930          0    457,024     0.4
SWRM        1,024      1,088   1.06      1,014        768      1,216     0.1
GCRA      332,672    560,320   1.68    351,829      6,656  1,226,752    29.8
SCPU       54,592    114,688   2.10     49,377          0    147,264     4.9
SCAT        1,280      1,408   1.10      1,229          0      1,536     0.1
SPRM        2,048      2,176   1.06      4,902          0    639,104     0.2
SINT      164,096    299,648   1.83    167,759          0    972,992    14.7
SPHD       72,704    108,672   1.49     72,367          0    415,872     6.5
SPHC          640        704   1.10        603          0        960     0.1
WORK-H    944,832  1,228,096   1.30    970,364    668,800  1,869,824    84.5

named=986,071 (80.6% of ALL)  VBI 2:1694 3:314 4:22 5+:8 max:20 total:2038  slips=0
extras: gNdsBattleTextHudP1Damage=76  gNdsDamageSparkScaleCount=16  gNdsShieldAnimJointAttachCount=480  gNdsAObjEvent32NormalizedHighWater=774  gNdsBattlePackHits=257  gNdsObjAnimRunawayCount=0  gNdsR2FtAnimParseCalls=144,383  gNdsR2FtAnimParseEarlyOut=108,128  gNdsR2FtAnimParseStepped=36,255  gNdsFtAnimTrackBinds=0  gNdsFtAnimTrackBindMiss=2  gNdsFtAnimTrackSteps=0  gNdsFtAnimTrackEarlyOut=0  gNdsFtAnimTrackRowsRun=0  gNdsFtAnimTrackDispatch=0  gNdsTaskmanGeneralHeapFreeMin=40,848
Wrote artifacts/performance/2026-08-15_ftanim-dense-runtime/c196-off.json
