12739 | static sb32 ndsFighterDashRunStepAttackDamageRectangle(FTStruct *fp,
      |             ^~~~~~~~~~~~~~~~~~~~~~~~~~~~~~~~~~~~~~~~~~
D:/Stuff/DevFolder/Smash64DS_Port/src/port/reloc_backend_diagnostic_recorders.c:12460:13: warning: 'ndsFighterDashRunStepAttackCollInterpolate' defined but not used [-Wunused-function]
12460 | static sb32 ndsFighterDashRunStepAttackCollInterpolate(FTStruct *fp,
      |             ^~~~~~~~~~~~~~~~~~~~~~~~~~~~~~~~~~~~~~~~~~
D:/Stuff/DevFolder/Smash64DS_Port/src/port/reloc_backend_diagnostic_recorders.c:12381:13: warning: 'ndsFighterDashRunStepAttackCollPosition' defined but not used [-Wunused-function]
12381 | static sb32 ndsFighterDashRunStepAttackCollPosition(FTStruct *fp,
      |             ^~~~~~~~~~~~~~~~~~~~~~~~~~~~~~~~~~~~~~~
D:/Stuff/DevFolder/Smash64DS_Port/src/port/reloc_backend_diagnostic_recorders.c:12366:13: warning: 'ndsFighterDashRunShouldWriteBackAttackPosition' defined but not used [-Wunused-function]
12366 | static sb32 ndsFighterDashRunShouldWriteBackAttackPosition(
      |             ^~~~~~~~~~~~~~~~~~~~~~~~~~~~~~~~~~~~~~~~~~~~~~
D:/Stuff/DevFolder/Smash64DS_Port/src/port/reloc_backend_diagnostic_recorders.c:12359:12: warning: 'ndsFTMotionSignExtend' defined but not used [-Wunused-function]
12359 | static s32 ndsFTMotionSignExtend(u32 value, u32 bits)
      |            ^~~~~~~~~~~~~~~~~~~~~
D:/Stuff/DevFolder/Smash64DS_Port/src/port/reloc_backend_movement.c:11877:13: warning: 'ndsFighterNaturalSpecialsApplyInput' defined but not used [-Wunused-function]
11877 | static sb32 ndsFighterNaturalSpecialsApplyInput(FTStruct *fp[2],
      |             ^~~~~~~~~~~~~~~~~~~~~~~~~~~~~~~~~~~
D:/Stuff/DevFolder/Smash64DS_Port/src/port/reloc_backend_movement.c:11749:13: warning: 'ndsFighterNaturalMovesetApplyInput' defined but not used [-Wunused-function]
11749 | static sb32 ndsFighterNaturalMovesetApplyInput(FTStruct *fp[2],
      |             ^~~~~~~~~~~~~~~~~~~~~~~~~~~~~~~~~~
In file included from D:/Stuff/DevFolder/Smash64DS_Port/src/port/reloc_backend.c:887:
D:/Stuff/DevFolder/Smash64DS_Port/src/port/reloc_backend_fighter_model.c:1766:13: warning: 'ndsFighterMarioFoxSetupManagerFiles' defined but not used [-Wunused-function]
 1766 | static void ndsFighterMarioFoxSetupManagerFiles(void)
      |             ^~~~~~~~~~~~~~~~~~~~~~~~~~~~~~~~~~~
In file included from D:/Stuff/DevFolder/Smash64DS_Port/src/port/reloc_backend.c:881:
D:/Stuff/DevFolder/Smash64DS_Port/src/port/reloc_backend_compat_shims.c:593:13: warning: 'sNdsFTManagerPartsAllocInit' defined but not used [-Wunused-variable]
  593 | static sb32 sNdsFTManagerPartsAllocInit;
      |             ^~~~~~~~~~~~~~~~~~~~~~~~~~~
D:/Stuff/DevFolder/Smash64DS_Port/src/port/reloc_backend_compat_shims.c:592:17: warning: 'sNdsFTManagerPartsAllocFree' defined but not used [-Wunused-variable]
  592 | static FTParts *sNdsFTManagerPartsAllocFree;
      |                 ^~~~~~~~~~~~~~~~~~~~~~~~~~~
D:/Stuff/DevFolder/Smash64DS_Port/src/port/reloc_backend_compat_shims.c:591:16: warning: 'sNdsFTManagerPartsAllocPool' defined but not used [-Wunused-variable]
  591 | static FTParts sNdsFTManagerPartsAllocPool[64];
      |                ^~~~~~~~~~~~~~~~~~~~~~~~~~~
linking smash64ds-battle-playable-tickhud-hwtri.elf
C:/devkitPro/devkitARM/bin/../lib/gcc/arm-none-eabi/15.2.0/../../../../arm-none-eabi/bin/ld.exe: warning: C:/devkitPro/devkitARM/bin/../lib/gcc/arm-none-eabi/15.2.0/thumb/crtn.o: missing .note.GNU-stack section implies executable stack
C:/devkitPro/devkitARM/bin/../lib/gcc/arm-none-eabi/15.2.0/../../../../arm-none-eabi/bin/ld.exe: NOTE: This behaviour is deprecated and will be removed in a future version of the linker
Nintendo DS rom tool 2.3.1 - Jan  8 2024
by Rafael Vuijk, Dave Murphy, Alexei Karpenko
built ... smash64ds-battle-playable-tickhud-hwtri.nds
