lized [-Wmaybe-uninitialized]
 2855 |     switch (hitlog->attacker_object_class)
      |             ~~~~~~^~~~~~~~~~~~~~~~~~~~~~~
D:/Stuff/DevFolder/Smash64DS_Port/decomp/BattleShip-main/decomp/src/ft/ftmain.c:2674:12: note: 'j' was declared here
 2674 |     s32 i, j;
      |            ^
linking smash64ds-battle-playable-tickhud-hwtri.elf
C:/devkitPro/devkitARM/bin/../lib/gcc/arm-none-eabi/15.2.0/../../../../arm-none-eabi/bin/ld.exe: warning: C:/devkitPro/devkitARM/bin/../lib/gcc/arm-none-eabi/15.2.0/thumb/crtn.o: missing .note.GNU-stack section implies executable stack
C:/devkitPro/devkitARM/bin/../lib/gcc/arm-none-eabi/15.2.0/../../../../arm-none-eabi/bin/ld.exe: NOTE: This behaviour is deprecated and will be removed in a future version of the linker
Nintendo DS rom tool 2.3.1 - Jan  8 2024
by Rafael Vuijk, Dave Murphy, Alexei Karpenko
built ... smash64ds-battle-playable-tickhud-hwtri.nds
make: Leaving directory '/d/Stuff/DevFolder/Smash64DS_Port'
WARNING: Tick-HUD samples repeated a presented frame (11 of 8448). EVERY duplicate is a ring-stop seam whose recorded skew explains the label collision, and no payload repeats, so these are distinct real iterations that share a frame LABEL. Percentiles are over the iterations and stand; the frame ids at those seams do not. Seam rows: 479,863,2111,2591,2783,3359,3743,3936,4224,4704,8159.
Wrote artifacts\performance\2026-08-13_c-animjoint-fix\ctl5-c134-rows.csv
Tick-HUD buckets: target=smash64ds-battle-playable-tickhud-hwtri samples=8448 frames=439..8886 melonDS=1.0 sha=DE80E46BDCF1FD98 git=335624c7c39+dirty(7) dldi=ON

bucket p50        p95        spread mean       min        max        %ALLp50
------ ---        ---        ------ ----       ---        ---        -------
ALL     1,118,208  1,678,784   1.50  1,220,205  1,115,328  5,872,960   100.0
FTR       296,064    323,520   1.09    289,424    148,352  4,490,368    26.5
STG       162,048    166,144   1.03    162,874    157,888  4,354,944    14.5
BG          4,096      4,160   1.02      4,079      3,584      7,424     0.4
AUD         2,880      7,488   2.60      8,875      1,408    157,376     0.3
HUD         1,024    422,912 413.00     34,181        896    494,720     0.1
SRC       330,944    578,624   1.75    361,721    151,232  4,520,576    29.6
MISC      105,728    185,344   1.75    118,158     81,920  4,408,192     9.5
OTHR      228,544    503,488   2.20    240,893     20,736    580,480    20.4
WAIT      208,896    483,712   2.32    221,072      1,152    560,448    18.7
WORK      941,824  1,371,264   1.46    999,133    704,000  5,800,768    84.2
SHDT        4,416    107,840  24.42     15,726      2,816    557,504     0.4
SWRM          960      1,024   1.07        956        768      1,152     0.1
GCRA      325,696    573,312   1.76    356,493    146,112  4,515,264    29.1
SCPU       44,928    104,704   2.33     46,558        640    154,752     4.0
SCAT        1,344      1,472   1.10      1,438        960    904,960     0.1
SPRM        1,856      2,112   1.14      4,933      1,536    728,256     0.2
SINT      155,712    326,400   2.10    171,465      6,528  4,341,504    13.9
SPHD       62,144    104,704   1.68     70,650     31,296  1,508,160     5.6
SPHC          640        768   1.20        709        384     32,960     0.1
WORK-H    929,408  1,204,736   1.30    964,951    702,976  5,379,968    83.1

named=979,312 (80.3% of ALL)  VBI 2:7419 3:1382 4:70 5+:15 max:26 total:8886  slips=0
extras: gNdsAnimJointFlagFrames=1,067  gNdsAnimJointIdleSkip32Count=29,605  gNdsAnimJointDispatch32Count=144  gNdsAnimJointDispatchFigatreeCount=144  gNdsAnimJointDispatchMisalignCount=96  gNdsAnimJointDispatchFigatreeScript=37,106,714  gNdsShieldAnimJointInstallCalls=542  gNdsObjAnimRunawayCount=50  gNdsObjAnimRunawayMask=1  gNdsObjAnimRunawayScript=37,106,698  gNdsObjAnimRunawayOpcode=100  gNdsAObjEvent32NormalizedHighWater=1,019
Wrote artifacts\performance\2026-08-13_c-animjoint-fix\ctl5-c134.json
