Exception: D:\Stuff\DevFolder\Smash64DS_Port\scripts\sample-tick-hud-buckets.ps1:864
Line |
 864 |          throw "Tick-HUD GDB run failed: $failedTail`n$(Get-Content $g .
     |          ~~~~~~~~~~~~~~~~~~~~~~~~~~~~~~~~~~~~~~~~~~~~~~~~~~~~~~~~~~~~~
     | Tick-HUD GDB run failed: 0xfffffffc in ?? () Breakpoint 1 at 0x2067790: file
     | D:/Stuff/DevFolder/Smash64DS_Port/src/import/battleship_sys_malloc.c, line 133. Breakpoint 2 at 0x20a4728: file
     | D:/Stuff/DevFolder/Smash64DS_Port/src/port/nds_kirby_hat_residency.c, line 15. Breakpoint 3 at 0x201d580: file
     | D:/Stuff/DevFolder/Smash64DS_Port/src/nds/nds_audio_storage.c, line 86. Breakpoint 4 at 0x201aa80: file
     | D:/Stuff/DevFolder/Smash64DS_Port/src/nds/nds_audio_bgm.c, line 928. Breakpoint 5 at 0x1fffdd8: file
     | /home/davem/projects/devkitpro/pacman-packages/calico/src/calico-1.2.0/source/nds/arm9/excpt_handler.32.s, line 71.
     | Breakpoint 6 at 0x200c530: file D:/Stuff/DevFolder/Smash64DS_Port/src/nds/main.c, line 96.  Breakpoint 6, main () at
     | D:/Stuff/DevFolder/Smash64DS_Port/src/nds/main.c:111 111     ndsP2Arm9WramInit(); BOOTSETGLOBAL=gNdsLabFourCpuGkind,1
     | Breakpoint 7 at 0x1ffee90: file D:/Stuff/DevFolder/Smash64DS_Port/src/port/taskman_seam_battle_host.c, line 492. 
     | Breakpoint 7, ndsBattlePlayableFrameCompleteMarker () at
     | D:/Stuff/DevFolder/Smash64DS_Port/src/port/taskman_seam_battle_host.c:492 492     __asm__ volatile("" ::: "memory");
     | SETGLOBAL=gNdsFtrLeanRoute,1 SETGLOBAL=gNdsFtrLeanAdmit,2 SETGLOBAL=gNdsFtrLeanSlow,0 Breakpoint 8 at 0x2087fcc: file
     | D:/Stuff/DevFolder/Smash64DS_Port/src/port/taskman_seam_battle_host.c, line 506. TICKFAULT __excpt_entry pc=01fffdd8
     | lr=020aac16 TICKFAULT_GOBJ active=59 max=-1 free=127560 frame=79
     | TICKEXTRA=0,0,0,0,0,0,0,0,0,0,1,2,128456,16960,27800,1261312,3840,106,0,0,0,0,0,17,0,0,316,0,0,1,0,0,0,0,17,0,17,0,0,4,1614016,1395904,2369,2369,16,14,3,0,1656896,0,399,0,0,0,0,0,0,0,0,0,0,0,0,0,0,0,0,2,0,0,0,0,237,622208,79,0,19488,4,0,0,15,0,0,0,14,0,0,0,4,2,2,0,0,0,0,0,1,0,0,0,0,0,0,0,0,0,0,0,0,4,0,0,8,0,0,0,0,0,0,0,0,0,0,0,0,0,0,0,0,0,0,0,0,0,0,0,0,0,0,0,0,0,0,0,0,0,0,0,0,0,0,0,0,0,0,0,0,0,0,0,0,0,0,0,0,0,0,0,0,0,0,0,0,0,0,0,0,0,0,0,0,0,0,0,0,0,0,0,0,0,0,0,0,0,0,0,0,0,0,0,0,0,0,0,0,0,0,0,0,0,0,0,0,0,0,0,0,0,0,0,0,0,0,0,0,0,0,0,2,0,0,0,0,0,2,0,0,0,0,0,0,0,4,6,0,0,4,13,0,0,4,13,0,0,2,2,0,0,0,0,0,0,0,0,0,0,0,0,0,0,0,0,0,0,0,0,0,0,0,0,0,0,842816,814080,0,0,820608,793408,0,0,2369,1791,0,0,100,299,0,0,0,0,0,0,0,0,0,0,0,0,0,0,2,2,0,0,1,1,0,0,0,0,0,0,0,0,0,0,0,0,0,0,0,0,0,0,0,0,0,0,0,0,0,0,0,0,0,0,0,1,0,0,0,0,0,1,0,0,0,72,0,0,0,4,0,24,0,0,0,0,0,0,0,0,0,4,0,0,0,0,0,0,0,0,0,0,0,0,0,0,0,0,0,0,0,0,0,4,0,0,0,0,0,0,0,0,0,0,0,0,0,0,0,0,0,0,0,0,0,0,0,0,1,0,0,0,0,0,1,0,0,0,213,0,0,0,8,0,78,0,0,0,0,0,0,0,0,0,13,0,0,0,0,0,0,0,0,0,0,0,0,0,0,0,0,0,0,0,0,0,4,0,0,0,0,0,0,0,0,0,0,0,0,0,0,0,0,0,0,0,0,0,0,0,0,0,0,0,0,0,0,0,0,0,0,0,0,0,0,0,0,0,0,0,0,0,0,0,0,0,0,0,0,0,0,0,0,0,0,0,0,0,0,0,0,0,0,0,0,0,0,0,0,0,0,0,0,0,0,0,0,0,0,0,0,0,0,0,0,0,0,0,0,0,0,0,0,0,0,0,0,0,0,0,0,0,0,0,0,0,0,0,0,0,0,0,0,0,0,0,0,0,0,0,0,0,0,0,0,0,0,0,0,0,0,0,0,0,0,0,0,0,0,0,0,0,0,0,0,0,128456 #0  __excpt_entry () at /home/davem/projects/devkitpro/pacman-packages/calico/src/calico-1.2.0/source/nds/arm9/excpt_handler.32.s:71 #1  0x020aac16 in gcParseDObjAnimJoint (dobj=0x23a02f8) at D:/Stuff/DevFolder/Smash64DS_Port/builds/build-p2p8-sweep/battleship_overlay/src/sys/objanim.c:348 #2  0x00000000 in ?? () r0             0x1                 1 r1             0x0                 0 r2             0x0                 0 r3             0x0                 0 r4             0x2c0400            2884608 r5             0x23a02f8           37356280 r6             0xe                 14 r7             0x0                 0 r8             0x23a02f8           37356280 r9             0x300234c           50340684 r10            0x0                 0 r11            0xfff               4095 r12            0x0                 0 sp             0x2fffd9e           0x2fffd9e lr             0x20aac16           0x20aac16 <gcParseDObjAnimJoint+118>    0x20aac06 <gcParseDObjAnimJoint+102>: lsls r3, r3, #5    0x20aac08 <gcParseDObjAnimJoint+104>: mov r11, r3    0x20aac0a <gcParseDObjAnimJoint+106>: ldr r3, [pc, #680] @ (0x20aaeb4 <gcParseDObjAnimJoint+788>)    0x20aac0c <gcParseDObjAnimJoint+108>: str r3, [sp, #0]    0x20aac0e <gcParseDObjAnimJoint+110>: ldr r4, [r5, #112] @ 0x70    0x20aac10 <gcParseDObjAnimJoint+112>: cmp r4, #0    0x20aac12 <gcParseDObjAnimJoint+114>: bne.n 0x20aac16 <gcParseDObjAnimJoint+118>    0x20aac14 <gcParseDObjAnimJoint+116>: b.n 0x20ab182 <gcParseDObjAnimJoint+1506>    0x20aac16 <gcParseDObjAnimJoint+118>: ldrb r6, [r4, #0]    0x20aac18 <gcParseDObjAnimJoint+120>: lsls r6, r6, #25 [Inferior 1 (Remote target) detached]  warning: could not convert 'ndsSyMallocOverflowHalt' from the host encoding (CP1252) to UTF-32. This normally should not happen, please file a bug report.

RUN_EXIT=1 elapsed=20.7700876 extras=619 dropped=0 rom=1DDC94A38681399046505D1B0E80D9174EFDF58D6F16D1BC9E6FAAA129253770
