Exception: D:\Stuff\DevFolder\Smash64DS_Port\scripts\sample-tick-hud-buckets.ps1:864
Line |
 864 |          throw "Tick-HUD GDB run failed: $failedTail`n$(Get-Content $g .
     |          ~~~~~~~~~~~~~~~~~~~~~~~~~~~~~~~~~~~~~~~~~~~~~~~~~~~~~~~~~~~~~
     | Tick-HUD GDB run failed: t 0x208d43c: file D:/Stuff/DevFolder/Smash64DS_Port/src/port/taskman_seam_battle_host.c, line
     | 506. TICKRING4=127,128,512 Breakpoint 13 at 0x208d43c: file
     | D:/Stuff/DevFolder/Smash64DS_Port/src/port/taskman_seam_battle_host.c, line 506. TICKRING5=95,128,608 Breakpoint 14 at
     | 0x208d43c: file D:/Stuff/DevFolder/Smash64DS_Port/src/port/taskman_seam_battle_host.c, line 506. TICKRING6=63,128,704
     | Breakpoint 15 at 0x208d43c: file D:/Stuff/DevFolder/Smash64DS_Port/src/port/taskman_seam_battle_host.c, line 506.
     | TICKRING7=31,128,800 Breakpoint 16 at 0x208d43c: file
     | D:/Stuff/DevFolder/Smash64DS_Port/src/port/taskman_seam_battle_host.c, line 506. TICKRING8=127,128,896 Breakpoint 17 at
     | 0x208d43c: file D:/Stuff/DevFolder/Smash64DS_Port/src/port/taskman_seam_battle_host.c, line 506. TICKRING9=95,128,992
     | Breakpoint 18 at 0x208d43c: file D:/Stuff/DevFolder/Smash64DS_Port/src/port/taskman_seam_battle_host.c, line 506.
     | TICKRING10=63,128,1088 Breakpoint 19 at 0x208d43c: file
     | D:/Stuff/DevFolder/Smash64DS_Port/src/port/taskman_seam_battle_host.c, line 506. TICKRING11=31,128,1184 Breakpoint 20 at
     | 0x208d43c: file D:/Stuff/DevFolder/Smash64DS_Port/src/port/taskman_seam_battle_host.c, line 506. TICKRING12=127,128,1280
     | Breakpoint 21 at 0x208d43c: file D:/Stuff/DevFolder/Smash64DS_Port/src/port/taskman_seam_battle_host.c, line 506.
     | TICKRING13=95,128,1376 Breakpoint 22 at 0x208d43c: file
     | D:/Stuff/DevFolder/Smash64DS_Port/src/port/taskman_seam_battle_host.c, line 506. TICKRING14=63,128,1472 Breakpoint 23 at
     | 0x208d43c: file D:/Stuff/DevFolder/Smash64DS_Port/src/port/taskman_seam_battle_host.c, line 506. TICKRING15=31,128,1568
     | Breakpoint 24 at 0x208d43c: file D:/Stuff/DevFolder/Smash64DS_Port/src/port/taskman_seam_battle_host.c, line 506.
     | TICKRING16=127,128,1664 Breakpoint 25 at 0x208d43c: file
     | D:/Stuff/DevFolder/Smash64DS_Port/src/port/taskman_seam_battle_host.c, line 506. TICKRING17=95,128,1760 Breakpoint 26 at
     | 0x208d43c: file D:/Stuff/DevFolder/Smash64DS_Port/src/port/taskman_seam_battle_host.c, line 506. TICKRING18=63,128,1856
     | Breakpoint 27 at 0x208d43c: file D:/Stuff/DevFolder/Smash64DS_Port/src/port/taskman_seam_battle_host.c, line 506.
     | TICKFAULT __excpt_entry pc=01fffca8 lr=0208251e TICKFAULT_GOBJ active=57 max=-1 free=66096 frame=1920
     | TICKEXTRA=0,0,0,0,0,0,0,0,0,0,1,2,66096,21328,28232,1176064,2816,125,0,0,0,0,0,6569,5521,975,1188,421,6496,1,0,0,0,0,6569,0,6569,274,269,43,14178304,10157120,2310,2421,16,8,23,0,24765376,4,165079,0,62,0,0,0,0,0,0,0,0,0,0,0,0,0,0,76,0,0,0,0,716,604096,1920,0,7640096,93,0,0,887,5369,0,0,6569,508,62,0,340,313,27,21,256,0,110,16,4,5,0,0,244,23,0,0,22,0,0,196,0,8,0,0,47,0,0,0,14,0,0,0,0,0,0,0,0,0,0,0,0,0,0,0,0,39,0,0,0,0,0,0,0,0,0,0,0,0,0,0,0,0,0,0,0,0,0,0,0,0,0,0,0,0,0,0,0,0,0,0,0,0,0,0,0,0,0,0,0,0,0,0,0,0,0,0,0,0,0,0,0,0,0,0,35,0,0,0,0,0,13,0,5,0,0,0,0,0,0,0,0,0,0,0,0,0,0,0,0,0,0,0,0,0,0,0,0,0,0,0,4,0,4,38,267,0,4,0,0,0,0,0,0,0,10,9,8,11,1750,1612,1621,1586,1750,1612,1621,1586,22,9,7,5,0,0,0,0,0,0,0,0,0,0,0,0,0,0,0,0,0,0,0,0,0,0,0,0,11174400,6903680,4486848,2200448,7955712,2800640,2433792,988160,1783,2421,2310,1609,45689,42047,42295,35048,0,0,0,0,0,0,0,0,0,0,0,0,111,106,65,58,102,98,59,54,9,5,5,2,68,93,59,36,0,0,0,0,0,0,0,0,0,0,0,0,0,0,0,0,0,0,0,0,0,1,0,0,31,68,0,1,0,0,0,32119,0,0,0,1798,0,11772,0,0,0,0,0,0,0,0,0,1576,0,174,0,0,0,0,0,0,0,0,0,0,0,0,0,16,0,0,11,3,0,24,0,0,20,0,0,0,0,0,0,0,0,0,0,0,0,0,0,0,0,0,0,0,0,0,1,0,4,7,88,0,1,0,0,0,19018,0,0,0,1187,0,6317,0,15525,0,0,0,0,0,0,0,1562,40,10,0,0,0,0,0,0,0,0,0,0,0,0,0,7,0,0,2,2,0,11,0,0,7,0,0,0,0,0,0,0,0,0,0,0,0,0,0,0,0,0,0,0,0,0,1,0,0,0,58,0,1,0,0,0,30027,0,0,0,1858,0,10410,0,0,0,0,0,0,0,0,0,1621,0,0,0,0,0,0,0,0,0,0,0,0,0,0,0,9,0,0,0,0,0,5,0,0,9,0,0,0,0,0,0,0,0,0,0,0,0,0,0,0,0,0,0,0,0,0,1,0,0,0,53,0,1,0,0,0,17465,0,0,0,6711,0,10872,0,0,0,0,0,0,0,0,0,1586,0,0,0,0,0,0,0,0,0,0,0,0,0,0,0,3,0,0,0,0,0,7,0,0,3,5857,5085,0,0,66096,0 #0  __excpt_entry () at /home/davem/projects/devkitpro/pacman-packages/calico/src/calico-1.2.0/source/nds/arm9/excpt_handler.32.s:71 #1  0x0208251e in ndsRendererAdapterBuildItemAttachMtx (dobj=<optimized out>, out=0x2fffdf6) at D:/Stuff/DevFolder/Smash64DS_Port/src/port/renderer_adapter_matrix.c:3057 #2  ndsRendererAdapterBuildDObjXObjMatrix (dobj=<optimized out>, xobj=<optimized out>, out=0x22aa068) at D:/Stuff/DevFolder/Smash64DS_Port/src/port/renderer_adapter_matrix.c:3483 #3  0x099319be in ?? () Backtrace stopped: previous frame identical to this frame (corrupt stack?) r0             0x0                 0 r1             0x0                 0 r2             0x7f                127 r3             0x88                136 r4             0x0                 0 r5             0x3007f78           50364280 r6             0x22a9ed0           36347600 r7             0x3f800000          1065353216 r8             0x0                 0 r9             0x22441f8           35930616 r10            0xff7fffff          4286578687 r11            0x22aa068           36348008 r12            0x0                 0 sp             0x2fffd9e           0x2fffd9e lr             0x208251e           0x208251e <ndsRendererAdapterBuildDObjXObjMatrix+3810>    0x208250e <ndsRendererAdapterBuildDObjXObjMatrix+3794>: movs r3, #128 @ 0x80    0x2082510 <ndsRendererAdapterBuildDObjXObjMatrix+3796>: ldr r3, [r5, r3]    0x2082512 <ndsRendererAdapterBuildDObjXObjMatrix+3798>: str r0, [r6, #40] @ 0x28    0x2082514 <ndsRendererAdapterBuildDObjXObjMatrix+3800>: str r3, [r6, #48] @ 0x30    0x2082516 <ndsRendererAdapterBuildDObjXObjMatrix+3802>: movs r3, #132 @ 0x84    0x2082518 <ndsRendererAdapterBuildDObjXObjMatrix+3804>: ldr r3, [r5, r3]    0x208251a <ndsRendererAdapterBuildDObjXObjMatrix+3806>: str r3, [r6, #52] @ 0x34    0x208251c <ndsRendererAdapterBuildDObjXObjMatrix+3808>: movs r3, #136 @ 0x88    0x208251e <ndsRendererAdapterBuildDObjXObjMatrix+3810>: ldr r3, [r5, r3]    0x2082520 <ndsRendererAdapterBuildDObjXObjMatrix+3812>: str r3, [r6, #56] @ 0x38 [Inferior 1 (Remote target) detached]  warning: could not convert 'ndsSyMallocOverflowHalt' from the host encoding (CP1252) to UTF-32. This normally should not happen, please file a bug report.

RUN_EXIT=1 elapsed=78.2690535 extras=624 dropped=0 rom=7F355F5132959B98F984D9171B89B4B24AD38E3F51B7A2A6F1D50B22D3106FB4
