Exception: D:\Stuff\DevFolder\Smash64DS_Port\scripts\sample-tick-hud-buckets.ps1:864
Line |
 864 |          throw "Tick-HUD GDB run failed: $failedTail`n$(Get-Content $g .
     |          ~~~~~~~~~~~~~~~~~~~~~~~~~~~~~~~~~~~~~~~~~~~~~~~~~~~~~~~~~~~~~
     | Tick-HUD GDB run failed: 0xfffffffc in ?? () Breakpoint 1 at 0x206b96c: file
     | D:/Stuff/DevFolder/Smash64DS_Port/src/import/battleship_sys_malloc.c, line 133. Breakpoint 2 at 0x20aacb0: file
     | D:/Stuff/DevFolder/Smash64DS_Port/src/port/nds_kirby_hat_residency.c, line 15. Breakpoint 3 at 0x201dbf0: file
     | D:/Stuff/DevFolder/Smash64DS_Port/src/nds/nds_audio_storage.c, line 86. Breakpoint 4 at 0x201b0f0: file
     | D:/Stuff/DevFolder/Smash64DS_Port/src/nds/nds_audio_bgm.c, line 928. Breakpoint 5 at 0x1fffe4c: file
     | /home/davem/projects/devkitpro/pacman-packages/calico/src/calico-1.2.0/source/nds/arm9/excpt_handler.32.s, line 71.
     | Breakpoint 6 at 0x200c654: file D:/Stuff/DevFolder/Smash64DS_Port/src/nds/main.c, line 96.  Breakpoint 6, main () at
     | D:/Stuff/DevFolder/Smash64DS_Port/src/nds/main.c:111 111     ndsP2Arm9WramInit(); BOOTSETGLOBAL=gNdsLabFourCpuGkind,5
     | BOOTSETGLOBAL=gNdsLabFourCpuKinds,168363531 Breakpoint 7 at 0x1ffef04: file
     | D:/Stuff/DevFolder/Smash64DS_Port/src/port/taskman_seam_battle_host.c, line 492.  Breakpoint 7,
     | ndsBattlePlayableFrameCompleteMarker () at D:/Stuff/DevFolder/Smash64DS_Port/src/port/taskman_seam_battle_host.c:492 492 
     | __asm__ volatile("" ::: "memory"); SETGLOBAL=gNdsFtrLeanRoute,1 SETGLOBAL=gNdsFtrLeanAdmit,2 SETGLOBAL=gNdsFtrLeanSlow,0
     | Breakpoint 8 at 0x208d41c: file D:/Stuff/DevFolder/Smash64DS_Port/src/port/taskman_seam_battle_host.c, line 506.
     | TICKFAULT __excpt_entry pc=01fffe4c lr=020b119e TICKFAULT_GOBJ active=62 max=-1 free=127408 frame=79
     | TICKEXTRA=0,0,0,0,0,0,0,0,0,0,1,2,128516,16648,27920,1182464,2816,125,0,0,0,0,0,22,0,0,316,0,0,1,0,0,0,0,22,0,22,0,0,5,1521792,1260736,2310,2310,16,8,23,0,1577024,1,572,0,0,0,0,0,0,0,0,0,0,0,0,0,0,0,0,5,0,0,0,0,82,37248,79,0,25824,5,0,0,19,0,0,0,22,0,0,0,5,2,3,0,0,0,0,0,1,0,0,0,0,0,0,0,8,0,0,0,0,4,0,0,9,0,0,0,1,0,0,0,0,0,0,0,0,0,0,0,0,0,0,0,0,1,0,0,0,0,0,0,0,0,0,0,0,0,0,0,0,0,0,0,0,0,0,0,0,0,0,0,0,0,0,0,0,0,0,0,0,0,0,0,0,0,0,0,0,0,0,0,0,0,0,0,0,0,0,0,0,0,0,0,1,0,0,0,0,0,1,0,0,0,0,0,0,0,0,0,0,0,0,0,0,0,0,0,0,0,0,0,0,0,0,0,0,0,0,0,2,0,0,1,0,0,2,0,0,0,0,0,0,0,10,0,8,0,19,0,3,0,19,0,3,0,3,0,2,0,0,0,0,0,0,0,0,0,0,0,0,0,0,0,0,0,0,0,0,0,0,0,0,0,1010432,0,566592,0,977984,0,543808,0,1783,0,2310,0,494,0,78,0,0,0,0,0,0,0,0,0,0,0,0,0,3,0,2,0,1,0,1,0,0,0,0,0,0,0,0,0,0,0,0,0,0,0,0,0,0,0,0,0,0,0,0,0,0,0,0,0,0,1,0,0,1,0,0,1,0,0,0,361,0,0,0,19,0,114,0,0,0,0,0,0,0,0,0,19,0,0,0,0,0,0,0,0,0,0,0,0,0,0,0,1,0,0,1,0,0,5,0,0,1,0,0,0,0,0,0,0,0,0,0,0,0,0,0,0,0,0,0,0,0,0,0,0,0,0,0,0,0,0,0,0,0,0,0,0,0,0,0,0,0,0,0,0,0,0,0,0,0,0,0,0,0,0,0,0,0,0,0,0,0,0,0,0,0,0,0,0,0,0,0,0,0,0,0,0,0,0,0,0,0,0,0,0,0,0,0,0,0,0,0,0,0,0,0,1,0,0,0,0,0,1,0,0,0,54,0,0,0,6,0,18,0,0,0,0,0,0,0,0,0,3,0,0,0,0,0,0,0,0,0,0,0,0,0,0,0,0,0,0,0,0,0,4,0,0,0,0,0,0,0,0,0,0,0,0,0,0,0,0,0,0,0,0,0,0,0,0,0,0,0,0,0,0,0,0,0,0,0,0,0,0,0,0,0,0,0,0,0,0,0,0,0,0,0,0,0,0,0,0,0,0,0,0,0,0,0,0,0,0,0,0,0,0,0,0,0,0,0,0,1449,156,128516 #0  __excpt_entry () at /home/davem/projects/devkitpro/pacman-packages/calico/src/calico-1.2.0/source/nds/arm9/excpt_handler.32.s:71 #1  0x020b119e in gcParseDObjAnimJoint (dobj=0x23a6398) at D:/Stuff/DevFolder/Smash64DS_Port/builds/build-p2p8-yos/battleship_overlay/src/sys/objanim.c:348 #2  0x00000000 in ?? () r0             0x1                 1 r1             0x0                 0 r2             0x0                 0 r3             0x0                 0 r4             0xc035bfa0          3224747936 r5             0x23a6398           37381016 r6             0x1                 1 r7             0x0                 0 r8             0x23a6398           37381016 r9             0x300234c           50340684 r10            0x0                 0 r11            0xfff               4095 r12            0x0                 0 sp             0x2fffd9e           0x2fffd9e lr             0x20b119e           0x20b119e <gcParseDObjAnimJoint+118>    0x20b118e <gcParseDObjAnimJoint+102>: lsls r3, r3, #5    0x20b1190 <gcParseDObjAnimJoint+104>: mov r11, r3    0x20b1192 <gcParseDObjAnimJoint+106>: ldr r3, [pc, #680] @ (0x20b143c <gcParseDObjAnimJoint+788>)    0x20b1194 <gcParseDObjAnimJoint+108>: str r3, [sp, #0]    0x20b1196 <gcParseDObjAnimJoint+110>: ldr r4, [r5, #112] @ 0x70    0x20b1198 <gcParseDObjAnimJoint+112>: cmp r4, #0    0x20b119a <gcParseDObjAnimJoint+114>: bne.n 0x20b119e <gcParseDObjAnimJoint+118>    0x20b119c <gcParseDObjAnimJoint+116>: b.n 0x20b170a <gcParseDObjAnimJoint+1506>    0x20b119e <gcParseDObjAnimJoint+118>: ldrb r6, [r4, #0]    0x20b11a0 <gcParseDObjAnimJoint+120>: lsls r6, r6, #25 [Inferior 1 (Remote target) detached]  warning: could not convert 'ndsSyMallocOverflowHalt' from the host encoding (CP1252) to UTF-32. This normally should not happen, please file a bug report.

RUN_EXIT=1 elapsed=15.086395 extras=621 dropped=0 rom=8B4CCFD46A1D5571A2F8738D32B20A27F81EDE8AFC6F47FE04EBBBA7768E32D0
