WARNING: cpuGetTiming() 2^22 timer-overflow artifact detected and CORRECTED on 3 of 1600 samples (one subtraction of 4,194,304 per affected bucket). The run's ALL median after correction is 1,117,824; a corrected value far from it would mean the row was a real stall and the correction wrong, so check these against it:
  frame 605: ALL 5,872,576 -> 1,678,272, 5 bucket(s) corrected
  frame 626: ALL 5,311,936 -> 1,117,632, 6 bucket(s) corrected
  frame 1659: ALL 5,872,128 -> 1,677,824, 5 bucket(s) corrected
Wrote artifacts\performance\2026-08-16_ftr-capture-memo\c222-rows.csv
Tick-HUD buckets: target=smash64ds-battle-playable-tickhud-hwtri samples=1600 frames=440..2039 melonDS=1.0 sha=DE80E46BDCF1FD98 git=7b64a5779dd+dirty(9) dldi=ON

bucket p50        p95        spread mean       min        max        %ALLp50
------ ---        ---        ------ ----       ---        ---        -------
ALL     1,117,824  1,678,272   1.50  1,214,404  1,114,944  3,918,400   100.0
FTR       301,120    305,216   1.01    289,294    172,416    339,008    26.9
STG       172,608    180,288   1.04    174,179    168,256    185,088    15.4
BG          4,288      4,416   1.03      4,311      4,032      7,360     0.4
AUD         2,688      6,720   2.50      8,675      1,024    157,184     0.2
HUD         1,088    414,464 380.94     35,125        960  2,528,832     0.1
SRC       327,168    565,056   1.73    346,866     11,072  1,259,264    29.3
MISC      108,736    178,112   1.64    114,254     83,456    328,320     9.7
OTHR      222,016    480,640   2.16    241,699     20,928    580,160    19.9
WAIT      202,368    461,120   2.28    221,950        960    559,872    18.1
WORK      944,128  1,363,072   1.44    992,454    675,456  3,650,880    84.5
SHDT        4,288     81,536  19.01     14,379          0    451,648     0.4
SWRM          960      1,088   1.13        974        768      1,152     0.1
GCRA      321,792    559,680   1.74    341,430      6,912  1,253,632    28.8
SCPU       52,928    110,656   2.09     47,510          0    141,184     4.7
SCAT        1,152      1,280   1.11      1,125          0      1,472     0.1
SPRM        1,920      2,048   1.07      4,814          0    645,184     0.2
SINT      157,952    291,776   1.85    162,375          0    970,688    14.1
SPHD       71,424    107,776   1.51     71,160          0    432,192     6.4
SPHC          640        704   1.10        607          0        896     0.1
WORK-H    932,224  1,206,080   1.29    957,328    667,264  1,889,600    83.4

named=972,704 (80.1% of ALL)  VBI 2:1729 3:283 4:19 5+:8 max:19 total:2039  slips=0
extras: gNdsFtrContractCaptures=4,076  gNdsFtrContractSame=4,025  gNdsFtrContractCountSame=4,064  gNdsFtrContractDObjSame=4,064  gNdsFtrContractDLSame=4,064  gNdsFtrContractPreSame=4,025  gNdsFtrContractKeySame=4,049  gNdsFtrContractKeySameContractDiff=49  gNdsFtrContractKeyDiffContractSame=25  gNdsFtrContractChangeTotal=51  gNdsFtrContractMaxRun=848  gNdsFtrContractZeroEvents=164  gNdsFtrContractEventTotal=62,920  gNdsFighterDisplayContractBoundsPassCount=3,823  gNdsFighterDisplayContractBoundsFailCount=142
Wrote artifacts\performance\2026-08-16_ftr-capture-memo\c222.json
