Wrote artifacts\performance\2026-08-16_tilesync-memo\t1-rows.csv
Tick-HUD buckets: target=smash64ds-battle-playable-tickhud-hwtri samples=1600 frames=439..2038 melonDS=1.0 sha=DE80E46BDCF1FD98 git=c3f7f048074+dirty(9) dldi=ON

bucket p50        p95        spread mean       min        max        %ALLp50
------ ---        ---        ------ ----       ---        ---        -------
ALL     1,117,696  1,678,144   1.50  1,218,115  1,116,864  3,358,208   100.0
FTR       295,744    300,160   1.01    284,217    169,920    333,184    26.5
STG       176,192    184,192   1.05    177,745    171,456    188,416    15.8
BG          4,224      4,288   1.02      4,204      3,840      4,416     0.4
AUD         2,752      7,232   2.63      8,831      1,152    154,816     0.2
HUD         1,024    414,400 404.69     35,078        896  2,126,208     0.1
SRC       335,616    570,432   1.70    354,513     11,008  1,218,304    30.0
MISC      108,352    178,048   1.64    113,726     82,752    329,408     9.7
OTHR      219,264    489,216   2.23    239,799     20,736    580,096    19.6
WAIT      199,488    469,056   2.35    220,075        896    560,576    17.8
WORK      950,784  1,373,184   1.44    998,039    674,240  3,235,968    85.1
SHDT        4,736     81,472  17.20     14,765          0    451,456     0.4
SWRM        1,024      1,088   1.06      1,002        768      1,152     0.1
GCRA      330,240    565,184   1.71    349,064      6,656  1,212,800    29.5
SCPU       53,760    110,784   2.06     48,108          0    140,992     4.8
SCAT        1,408      1,600   1.14      1,356          0      4,800     0.1
SPRM        2,112      2,304   1.09      4,981          0    621,824     0.2
SINT      162,624    299,584   1.84    166,831          0    965,120    14.5
SPHD       71,936    109,056   1.52     71,875          0    439,424     6.4
SPHC          576        704   1.22        576          0        896     0.1
WORK-H    937,920  1,221,376   1.30    962,961    666,112  1,846,080    83.9

named=978,314 (80.3% of ALL)  VBI 2:1714 3:300 4:16 5+:8 max:20 total:2038  slips=0
extras: gNdsR2TileSyncSkips=89,511  gNdsR2TileSyncRuns=54,594
Wrote artifacts\performance\2026-08-16_tilesync-memo\t1.json
