 4797 |                     event_file_head = *fp->data->p_file_mainmotion;
      |                                     ^
D:/Stuff/DevFolder/Smash64DS_Port/decomp/BattleShip-main/decomp/src/ft/ftmain.c:4808:37: warning: comparison of integer expressions of different signedness: 'intptr_t' {aka 'int'} and 'unsigned int' [-Wsign-compare]
 4808 |             if (motion_desc->offset != 0x80000000)
      |                                     ^~
D:/Stuff/DevFolder/Smash64DS_Port/decomp/BattleShip-main/decomp/src/ft/ftmain.c:4383:9: warning: unused variable 'unused3' [-Wunused-variable]
 4383 |     s32 unused3;
      |         ^~~~~~~
D:/Stuff/DevFolder/Smash64DS_Port/decomp/BattleShip-main/decomp/src/ft/ftmain.c:4379:9: warning: unused variable 'unused2' [-Wunused-variable]
 4379 |     s32 unused2;
      |         ^~~~~~~
D:/Stuff/DevFolder/Smash64DS_Port/decomp/BattleShip-main/decomp/src/ft/ftmain.c:4376:9: warning: unused variable 'unused1' [-Wunused-variable]
 4376 |     s32 unused1;
      |         ^~~~~~~
D:/Stuff/DevFolder/Smash64DS_Port/decomp/BattleShip-main/decomp/src/if/ifcommon.c: In function 'ifCommonBattleUpdateScoreStocks':
D:/Stuff/DevFolder/Smash64DS_Port/decomp/BattleShip-main/decomp/src/if/ifcommon.c:2708:12: warning: 'current_team' may be used uninitialized [-Wmaybe-uninitialized]
 2708 |         if ((current_team == team) && (gSCManagerBattleState->players[i].stock_count != -1))
      |            ^
D:/Stuff/DevFolder/Smash64DS_Port/decomp/BattleShip-main/decomp/src/if/ifcommon.c:2686:9: note: 'current_team' was declared here
 2686 |     s32 current_team; // Current team being checked
      |         ^~~~~~~~~~~~
D:/Stuff/DevFolder/Smash64DS_Port/decomp/BattleShip-main/decomp/src/ft/ftmain.c: In function 'battleship_ftMainProcessHitCollisionStatsMain':
D:/Stuff/DevFolder/Smash64DS_Port/decomp/BattleShip-main/decomp/src/ft/ftmain.c:2845:12: warning: 'knockback_temp' may be used uninitialized [-Wmaybe-uninitialized]
 2845 |         if (knockback < knockback_temp)
      |            ^
D:/Stuff/DevFolder/Smash64DS_Port/decomp/BattleShip-main/decomp/src/ft/ftmain.c:2675:9: note: 'knockback_temp' was declared here
 2675 |     f32 knockback_temp;
      |         ^~~~~~~~~~~~~~
D:/Stuff/DevFolder/Smash64DS_Port/decomp/BattleShip-main/decomp/src/ft/ftmain.c:2855:19: warning: 'j' may be used uninitialized [-Wmaybe-uninitialized]
 2855 |     switch (hitlog->attacker_object_class)
      |             ~~~~~~^~~~~~~~~~~~~~~~~~~~~~~
D:/Stuff/DevFolder/Smash64DS_Port/decomp/BattleShip-main/decomp/src/ft/ftmain.c:2674:12: note: 'j' was declared here
 2674 |     s32 i, j;
      |            ^
linking smash64ds-battle-playable-proof-hwtri.elf
C:/devkitPro/devkitARM/bin/../lib/gcc/arm-none-eabi/15.2.0/../../../../arm-none-eabi/bin/ld.exe: warning: C:/devkitPro/devkitARM/bin/../lib/gcc/arm-none-eabi/15.2.0/thumb/crtn.o: missing .note.GNU-stack section implies executable stack
C:/devkitPro/devkitARM/bin/../lib/gcc/arm-none-eabi/15.2.0/../../../../arm-none-eabi/bin/ld.exe: NOTE: This behaviour is deprecated and will be removed in a future version of the linker
Nintendo DS rom tool 2.3.1 - Jan  8 2024
by Rafael Vuijk, Dave Murphy, Alexei Karpenko
built ... smash64ds-battle-playable-proof-hwtri.nds
