Wrote artifacts\performance\2026-08-15_gxcompose-remeasure\whole-c184b-rows.csv
Tick-HUD buckets: target=smash64ds-battle-playable-tickhud-hwtri samples=1600 frames=440..2039 melonDS=1.0 sha=DE80E46BDCF1FD98 git=771cd4b8312+dirty(7) dldi=ON

bucket p50        p95        spread mean       min        max        %ALLp50
------ ---        ---        ------ ----       ---        ---        -------
ALL     1,117,632  1,678,080   1.50  1,205,166  1,116,608  3,358,784   100.0
FTR       296,064    321,536   1.09    287,556    152,768    329,024    26.5
STG       178,496    187,136   1.05    180,131    174,464    192,000    16.0
BG          4,224      4,352   1.03      4,201      3,712      7,424     0.4
AUD         2,752      7,168   2.60      8,799      1,152    151,616     0.2
HUD           960    412,160 429.33     34,556        832  2,128,256     0.1
SRC       328,640    535,552   1.63    339,988     10,816  1,264,320    29.4
MISC      103,424    181,056   1.75    116,949     79,680    878,272     9.3
OTHR      214,144    506,176   2.36    232,987     20,416    578,624    19.2
WAIT      194,496    488,064   2.51    213,421      1,216    558,848    17.4
WORK      948,608  1,367,488   1.44    991,745    625,856  3,098,112    84.9
SHDT        4,416      9,728   2.20     11,396          0    490,752     0.4
SWRM          960      1,024   1.07        969        768      1,152     0.1
GCRA      323,328    530,112   1.64    334,529      6,464  1,258,944    28.9
SCPU       41,280    102,016   2.47     43,252          0    138,944     3.7
SCAT        1,344      1,472   1.10      1,700          0    605,632     0.1
SPRM        2,112      2,368   1.12      4,038          0    478,016     0.2
SINT      149,056    286,336   1.92    158,052          0    797,760    13.3
SPHD       58,496     96,576   1.65     67,363          0    731,200     5.2
SPHC          640        768   1.20        878          0     32,000     0.1
WORK-H    939,200  1,168,960   1.24    957,189    617,664  2,325,952    84.0

named=972,180 (80.7% of ALL)  VBI 2:1738 3:284 4:8 5+:9 max:19 total:2039  slips=0
extras: gNdsBattleTextHudP1Damage=76  gNdsDamageSparkScaleCount=15  gNdsShieldAnimJointAttachCount=1,352  gNdsAObjEvent32NormalizedHighWater=1,266  gNdsBattlePackHits=197  gNdsObjAnimRunawayCount=0  gNdsRendererTask36CaptureOutcome=2  gNdsRendererTask36CaptureSegmentMask=161  gNdsRendererTask36ReplayArenaStaleCount=2,039  gNdsR2GxComposeCaptures=63,364  gNdsR2GxComposeLocals=110,702  gNdsR2GxComposeDeclines=0  gNdsR2GxComposeRoots=63,364  gNdsR2GxComposeMults=110,702  gNdsR2GxComposeRestores=55,546  gNdsR2GxComposeStores=41,598  gNdsR2GxComposeProjectionSkips=59,414
Wrote artifacts\performance\2026-08-15_gxcompose-remeasure\whole-c184b.json
