Wrote artifacts\performance\2026-08-16_match-io-audit\pf-rows.csv
Tick-HUD buckets: target=smash64ds-battle-playable-tickhud-hwtri samples=1600 frames=438..2037 melonDS=1.0 sha=DE80E46BDCF1FD98 git=c4862724704+dirty(5) dldi=ON

[32;1mbucket[0m[32;1m p50       [0m[32;1m p95       [0m[32;1m spread[0m[32;1m mean      [0m[32;1m min       [0m[32;1m max       [0m[32;1m %ALLp50[0m
[32;1m------[0m [32;1m---       [0m [32;1m---       [0m [32;1m------[0m [32;1m----      [0m [32;1m---       [0m [32;1m---       [0m [32;1m-------[0m
ALL     1,117,632  1,678,208   1.50  1,226,993  1,114,816  5,872,576   100.0
FTR       294,208    298,688   1.02    290,636    169,216  4,495,424    26.3
STG       175,104    182,912   1.04    176,555    171,008    188,608    15.7
BG          4,224      4,352   1.03      4,258      4,096      4,480     0.4
AUD         2,752      6,976   2.53      8,737      1,152    153,408     0.2
HUD         1,088    415,744 382.12     35,455        960  2,124,928     0.1
SRC       333,504    575,872   1.73    357,637     11,008  4,536,768    29.8
MISC      108,736    177,728   1.63    113,964     83,520    325,120     9.7
OTHR      221,568    480,768   2.17    239,750     20,736    578,688    19.8
WAIT      201,664    460,608   2.28    219,808        832    559,104    18.0
WORK      946,880  1,379,264   1.46  1,007,185    671,296  5,603,904    84.7
SHDT        4,608     82,048  17.81     14,544          0    453,056     0.4
SWRM        1,024      1,088   1.06        999        768      1,216     0.1
GCRA      328,000    570,496   1.74    352,114      6,656  4,531,648    29.3
SCPU       53,568    111,360   2.08     50,705          0  4,259,392     4.8
SCAT        1,344      1,536   1.14      1,340          0      1,792     0.1
SPRM        2,112      2,304   1.09      4,957          0    593,152     0.2
SINT      159,808    294,208   1.84    167,007          0  4,369,408    14.3
SPHD       72,896    109,696   1.50     74,983          0  4,229,888     6.5
SPHC          640        832   1.30        649          0      1,024     0.1
WORK-H    933,696  1,216,704   1.30    971,730    663,104  5,280,768    83.5

named=987,242 (80.5% of ALL)  VBI 2:1726 3:286 4:17 5+:8 max:19 total:2037  slips=0
Wrote artifacts\performance\2026-08-16_match-io-audit\pf.json
