Tick-HUD buckets: target=smash64ds-battle-playable-tickhud-hwtri samples=1600 frames=439..2038 melonDS=1.0 sha=DE80E46BDCF1FD98 git=bf22a37eec3+dirty(20) dldi=ON

bucket p50        p95        spread mean       min        max        %ALLp50
------ ---        ---        ------ ----       ---        ---        -------
ALL     1,118,080  1,678,528   1.50  1,209,746  1,116,992  3,359,104   100.0
FTR       299,456    325,696   1.09    293,430    170,816    332,608    26.8
STG       167,680    171,904   1.03    168,102    164,224    176,192    15.0
BG          3,904      4,032   1.03      3,930      3,456      6,976     0.3
AUD         2,752      7,424   2.70      8,939      1,088    152,896     0.2
HUD         1,024    419,072 409.25     35,015        896  2,076,928     0.1
SRC       322,240    570,816   1.77    348,034     10,944  1,541,440    28.8
MISC      103,936    180,608   1.74    111,543     81,984    273,920     9.3
OTHR      226,560    525,888   2.32    240,753     21,184    580,224    20.3
WAIT      206,336    506,880   2.46    220,641      1,280    559,872    18.5
WORK      939,776  1,364,800   1.45    989,105    604,800  3,250,816    84.1
SHDT        4,160     88,320  21.23     14,042          0    526,016     0.4
SWRM          896        960   1.07        868        576      1,024     0.1
GCRA      317,120    565,632   1.78    342,817      6,848  1,536,000    28.4
SCPU       42,560    105,152   2.47     45,407          0    138,432     3.8
SCAT        1,216      1,408   1.16      1,216          0      1,600     0.1
SPRM        2,112      2,304   1.09      4,785          0    649,984     0.2
SINT      149,888    332,736   2.22    167,131          0    910,016    13.4
SPHD       58,304     99,776   1.71     66,632          0    716,416     5.2
SPHC          640        768   1.20        654          0        896     0.1
WORK-H    929,344  1,204,352   1.30    954,090    596,736  2,160,192    83.1

named=968,993 (80.1% of ALL)  VBI 2:1734 3:276 4:17 5+:12 max:26 total:2039  slips=0
extras: gNdsBattleTextHudP0Damage=0  gNdsBattleTextHudP1Damage=58  gNdsBattleTextHudP0Stock=1  gNdsBattleTextHudP1Stock=1  gNdsStarKOSparkleCount=0  gNdsDamageSparkScaleCount=14  gNdsAObjEvent32NormalizedHighWater=1,177  gNdsAObjEvent32NormalizeFailCount=0  gNdsAObjEvent32NormalizeReuseCount=1,574  gNdsAObjEvent32NormalizeScriptCount=183  gNdsAObjEvent32NormalizeCommandCount=1,177  gNdsAObjEvent32HashHitCount=1,574  gNdsAObjEvent32HashMissCount=1,371  gNdsAObjEvent32HashProbeCount=3,628  gNdsAObjEvent32HashOverflowCount=0  gNdsObjAnimRunawayCount=0  gNdsTaskmanGeneralHeapFreeMin=70,592  gNdsTaskmanArenaAllocFailCount=0  gNdsRelocResolveMisalignCount=0  gNdsShieldAnimJointInstallCalls=80  gNdsShieldAnimJointAttachCount=1,344  gNdsShieldAnimJointNullCount=800  gNdsSyMallocOverflowCount=0  gNdsObjmanPanicCount=0  gNdsRelocHeapDeclineCount=0  gNdsVSResultsStartCount=0  gNdsSCVSBattlePlacementInitCount=1  gNdsR2AnimCacheArenaOverflows=0  gNdsR2TexProofSweepFailCount=0
Wrote artifacts\performance\2026-08-13_c-r2path-recheck\r2path-bothcpu.json
