Wrote D:\Stuff\DevFolder\Smash64DS_Port\artifacts\performance\2026-08-15_ftanim-full-coverage\c200-bank84-rows.csv
Tick-HUD buckets: target=smash64ds-battle-playable-tickhud-hwtri samples=1600 frames=439..2038 melonDS=1.0 sha=DE80E46BDCF1FD98 git=97cfae511a5+dirty(10) dldi=ON

bucket p50        p95        spread mean       min        max        %ALLp50
------ ---        ---        ------ ----       ---        ---        -------
ALL     1,117,696  1,678,080   1.50  1,220,034  1,116,800  5,311,872   100.0
FTR       295,168    299,456   1.01    283,661    168,768    333,184    26.4
STG       178,944    187,200   1.05    180,495    174,528    192,960    16.0
BG          4,224      4,352   1.03      4,228      3,968      4,480     0.4
AUD         2,752      6,912   2.51      8,902      1,152    153,408     0.2
HUD         1,024    412,480 402.81     35,019        896  2,126,336     0.1
SRC       336,576    571,072   1.70    358,307     10,752  4,493,632    30.1
MISC      108,288    175,680   1.62    114,148     82,880    325,952     9.7
OTHR      214,976    490,432   2.28    235,275     20,928    579,072    19.2
WAIT      195,136    470,464   2.41    215,438        896    559,424    17.5
WORK      954,880  1,389,440   1.46  1,004,596    674,688  5,091,584    85.4
SHDT        4,736     83,840  17.70     14,812          0    399,488     0.4
SWRM        1,024      1,088   1.06      1,011        768      1,216     0.1
GCRA      330,880    565,504   1.71    352,670      6,656  4,488,128    29.6
SCPU       54,848    113,024   2.06     49,069          0    144,448     4.9
SCAT        1,408      1,600   1.14      1,407          0      1,792     0.1
SPRM        2,048      2,240   1.09      4,965          0    617,088     0.2
SINT      162,240    298,432   1.84    166,140          0    937,280    14.5
SPHD       72,192    108,096   1.50     72,134          0    411,840     6.5
SPHC          640        768   1.20        638          0        960     0.1
WORK-H    942,528  1,226,560   1.30    969,577    666,496  5,090,560    84.3

named=984,760 (80.7% of ALL)  VBI 2:1711 3:303 4:16 5+:8 max:19 total:2038  slips=0
extras: gNdsBattleTextHudP1Damage=76  gNdsDamageSparkScaleCount=16  gNdsShieldAnimJointAttachCount=480  gNdsAObjEvent32NormalizedHighWater=774  gNdsBattlePackHits=257  gNdsObjAnimRunawayCount=0  gNdsRendererTask36CaptureOutcome=2  gNdsRendererTask36CaptureSegmentMask=161  gNdsR2FtAnimParseCalls=144,383  gNdsR2FtAnimParseEarlyOut=108,128  gNdsR2FtAnimParseStepped=36,255  gNdsR2FtAnimNullSkips=70,796  gNdsTaskmanGeneralHeapFreeMin=53,136  gNdsTaskmanArenaChosenSize=1,548,288  gNdsTaskmanArenaAllocFailCount=0  gNdsBattlePackResidentBytes=287,904  gNdsBattlePackLoadFails=0
Wrote D:\Stuff\DevFolder\Smash64DS_Port\artifacts\performance\2026-08-15_ftanim-full-coverage\c200-bank84.json
