### a2-c176-off-run -- reduced from the complete on-disk log (build spew removed), filtered AFTER the run,
### per docs/VERIFYING.md: Tee the full log, filter the file.
Tick-HUD buckets: target=smash64ds-battle-playable-tickhud-hwtri samples=1600 frames=439..2038 melonDS=1.0 sha=DE80E46BDCF1FD98 git=223fb499ca5+dirty(13) dldi=ON
bucket p50        p95        spread mean       min        max        %ALLp50
------ ---        ---        ------ ----       ---        ---        -------
ALL     1,117,760  1,678,208   1.50  1,209,978  1,114,944  5,311,936   100.0
FTR       300,864    326,592   1.09    292,266    154,304    335,232    26.9
STG       176,512    184,512   1.05    178,161    172,416    191,232    15.8
BG          4,352      4,416   1.01      4,327      3,968      7,488     0.4
AUD         2,816      6,976   2.48      8,706      1,088    153,792     0.3
HUD         1,024    409,600 400.00     34,385        896  2,124,800     0.1
SRC       326,272    540,224   1.66    340,866     10,752  4,610,688    29.2
MISC      105,152    182,336   1.73    118,317     81,280    880,384     9.4
OTHR      212,992    503,680   2.36    232,951     22,080    580,800    19.1
WAIT      193,216    484,736   2.51    213,006      1,792    560,576    17.3
WORK      951,552  1,373,312   1.44    996,972    630,208  5,227,520    85.1
SHDT        4,288      9,408   2.19     11,191          0    458,816     0.4
SWRM        1,024      1,088   1.06      1,000        704      1,216     0.1
GCRA      320,832    534,912   1.67    335,377      6,656  4,605,312    28.7
SCPU       40,192    101,120   2.52     42,681          0    138,048     3.6
SCAT        1,216      1,344   1.11      1,552          0    631,808     0.1
SPRM        1,920      2,048   1.07      3,795          0    476,352     0.2
SINT      149,248    286,592   1.92    161,124          0  4,366,976    13.4
SPHD       56,768     96,192   1.69     66,084          0    726,784     5.1
SPHC          640        768   1.20        871          0     31,872     0.1
WORK-H    942,336  1,173,120   1.24    962,587    622,016  5,226,560    84.3
named=977,028 (80.7% of ALL)  VBI 2:1736 3:285 4:8 5+:9 max:19 total:2038  slips=0
extras: gNdsCfxFighterDamagePhaseCalls=1,938  gNdsCfxFighterDamagePhaseHits=20  gNdsCfxFighterShieldPhaseCalls=0  gNdsCfxFighterShieldPhaseHits=0  gNdsCfxRingPrepareCalls=0  gNdsCfxRingChainFixed=0  gNdsCfxRingChainDeclined=0  gNdsCfxRingLocalsBuilt=0  gNdsCfxRingComposes=0  gNdsCfxRingInvertFixed=0  gNdsCfxRingInvertDeclined=0  gNdsCfxRingScaleFixed=0  gNdsCfxRingScaleDeclined=0  gNdsBattleTextHudP0Damage=0  gNdsBattleTextHudP1Damage=76  gNdsStarKOSparkleCount=0  gNdsDamageSparkScaleCount=15  gNdsShieldAnimJointAttachCount=1,352  gNdsAObjEvent32NormalizedHighWater=1,266  gNdsObjAnimRunawayCount=0  gNdsTaskmanGeneralHeapFreeMin=52,864  gNdsTaskmanArenaAllocFailCount=0  gNdsBattlePackHits=197
Wrote artifacts/performance/2026-08-15_cfx-ring-wiring/a2-c176-off.json
