### b-c175-on-run -- reduced from the complete on-disk log (build spew removed), filtered AFTER the run,
### per docs/VERIFYING.md: Tee the full log, filter the file.
Tick-HUD buckets: target=smash64ds-battle-playable-tickhud-hwtri samples=1600 frames=439..2038 melonDS=1.0 sha=DE80E46BDCF1FD98 git=223fb499ca5+dirty(13) dldi=ON
bucket p50        p95        spread mean       min        max        %ALLp50
------ ---        ---        ------ ----       ---        ---        -------
ALL     1,117,760  1,678,272   1.50  1,209,275  1,116,672  5,311,680   100.0
FTR       300,864    327,232   1.09    294,961    153,408  4,496,832    26.9
STG       176,640    184,768   1.05    178,187    172,352    190,080    15.8
BG          4,352      4,416   1.01      4,328      4,096      4,544     0.4
AUD         2,816      6,912   2.45      8,721      1,152    151,296     0.3
HUD         1,024    409,792 400.19     34,330        896  2,124,352     0.1
SRC       326,016    537,984   1.65    338,280     10,816  1,291,264    29.2
MISC      105,024    182,016   1.73    118,295     81,280    881,344     9.4
OTHR      212,544    503,936   2.37    232,174     20,480    579,008    19.0
WAIT      192,896    484,800   2.51    212,225        768    558,784    17.3
WORK      950,976  1,368,704   1.44    997,050    628,288  5,126,720    85.1
SHDT        4,288      9,280   2.16     11,297          0    499,968     0.4
SWRM        1,024      1,088   1.06      1,002        704      1,216     0.1
GCRA      320,576    532,608   1.66    332,781      6,528  1,285,824    28.7
SCPU       40,128    101,248   2.52     42,686          0    141,568     3.6
SCAT        1,216      1,344   1.11      1,553          0    634,560     0.1
SPRM        1,856      2,112   1.14      3,792          0    475,328     0.2
SINT      149,248    286,144   1.92    158,452          0    814,656    13.4
SPHD       56,704     96,192   1.70     66,045          0    725,376     5.1
SPHC          640        768   1.20        873          0     31,744     0.1
WORK-H    942,400  1,174,016   1.25    962,720    620,032  5,125,696    84.3
named=977,102 (80.8% of ALL)  VBI 2:1741 3:278 4:9 5+:10 max:19 total:2038  slips=0
extras: gNdsCfxFighterDamagePhaseCalls=1,938  gNdsCfxFighterDamagePhaseHits=20  gNdsCfxFighterShieldPhaseCalls=0  gNdsCfxFighterShieldPhaseHits=0  gNdsCfxRingPrepareCalls=1,938  gNdsCfxRingChainFixed=1,006  gNdsCfxRingChainDeclined=0  gNdsCfxRingLocalsBuilt=1,314  gNdsCfxRingComposes=1,621  gNdsCfxRingInvertFixed=1,006  gNdsCfxRingInvertDeclined=0  gNdsCfxRingScaleFixed=1,006  gNdsCfxRingScaleDeclined=0  gNdsBattleTextHudP0Damage=0  gNdsBattleTextHudP1Damage=76  gNdsStarKOSparkleCount=0  gNdsDamageSparkScaleCount=15  gNdsShieldAnimJointAttachCount=1,352  gNdsAObjEvent32NormalizedHighWater=1,266  gNdsObjAnimRunawayCount=0  gNdsTaskmanGeneralHeapFreeMin=52,864  gNdsTaskmanArenaAllocFailCount=0  gNdsBattlePackHits=197
Wrote artifacts/performance/2026-08-15_cfx-ring-wiring/b-c175-on.json
