Wrote artifacts\performance\2026-08-16_anim-itcm\a0-rows.csv
Tick-HUD buckets: target=smash64ds-battle-playable-tickhud-hwtri samples=1600 frames=439..2038 melonDS=1.0 sha=DE80E46BDCF1FD98 git=5ac5ef04f48+dirty(8) dldi=ON

bucket p50        p95        spread mean       min        max        %ALLp50
------ ---        ---        ------ ----       ---        ---        -------
ALL     1,117,632  1,678,208   1.50  1,225,612  1,116,352  5,872,704   100.0
FTR       295,296    299,648   1.01    283,716    167,872    333,120    26.4
STG       174,848    182,912   1.05    176,365    170,560    189,120    15.6
BG          4,224      4,352   1.03      4,240      3,904      4,544     0.4
AUD         2,752      6,912   2.51      8,772      1,088    158,336     0.2
HUD         1,088    418,112 384.29     35,400        960  2,124,736     0.1
SRC       338,496    582,080   1.72    365,617     11,072  4,658,176    30.3
MISC      108,864    174,080   1.60    114,398     83,328    322,688     9.7
OTHR      215,616    487,680   2.26    237,103     20,672    580,160    19.3
WAIT      195,776    467,648   2.39    217,206        896    560,064    17.5
WORK      952,000  1,376,832   1.45  1,008,406    669,696  5,731,968    85.2
SHDT        4,288     81,216  18.94     14,377          0    451,840     0.4
SWRM          960      1,024   1.07        966        704      4,544     0.1
GCRA      333,120    576,576   1.73    360,104      6,720  4,652,864    29.8
SCPU       54,144    110,720   2.04     48,364          0    141,760     4.8
SCAT        1,344      1,536   1.14      1,332          0      1,728     0.1
SPRM        2,112      2,368   1.12      5,076          0    647,616     0.2
SINT      165,632    304,704   1.84    172,221          0  4,350,464    14.8
SPHD       72,256    108,544   1.50     72,223          0    438,464     6.5
SPHC          576        704   1.22        562          0        832     0.1
WORK-H    940,160  1,230,784   1.31    973,006    661,440  5,311,168    84.1

named=988,508 (80.7% of ALL)  VBI 2:1719 3:292 4:19 5+:8 max:19 total:2038  slips=0
extras: gNdsR2CubicEvals=290,076
Wrote artifacts\performance\2026-08-16_anim-itcm\a0.json
