Wrote artifacts\performance\2026-08-16_anim-itcm\a1-rows.csv
Tick-HUD buckets: target=smash64ds-battle-playable-tickhud-hwtri samples=1600 frames=439..2038 melonDS=1.0 sha=DE80E46BDCF1FD98 git=5ac5ef04f48+dirty(8) dldi=ON

bucket p50        p95        spread mean       min        max        %ALLp50
------ ---        ---        ------ ----       ---        ---        -------
ALL     1,117,632  1,678,144   1.50  1,222,289  1,116,352  5,872,896   100.0
FTR       295,232    299,776   1.02    283,710    168,832    329,152    26.4
STG       174,848    182,784   1.05    179,009    169,280  4,376,320    15.6
BG          4,224      4,352   1.03      4,236      4,032      4,480     0.4
AUD         2,752      7,040   2.56      8,764      1,088    157,120     0.2
HUD         1,088    418,304 384.47     35,401        960  2,538,496     0.1
SRC       334,976    572,672   1.71    353,913     11,072  1,270,144    30.0
MISC      108,928    173,824   1.60    116,974     84,224  4,323,968     9.7
OTHR      219,136    494,528   2.26    240,281     20,864    580,544    19.6
WAIT      199,296    473,984   2.38    220,372      1,088    560,128    17.8
WORK      948,992  1,380,224   1.45  1,001,917    671,168  5,438,272    84.9
SHDT        4,288     80,576  18.79     14,363          0    449,024     0.4
SWRM          960      1,024   1.07        963        768      1,152     0.1
GCRA      329,664    567,360   1.72    348,402      6,656  1,264,896    29.5
SCPU       54,080    111,104   2.05     48,312          0    142,336     4.8
SCAT        1,344      1,536   1.14      1,331          0      1,792     0.1
SPRM        2,112      2,368   1.12      5,035          0    648,448     0.2
SINT      161,664    297,024   1.84    165,865          0    957,248    14.5
SPHD       72,384    108,672   1.50     72,183          0    436,352     6.5
SPHC          576        704   1.22        567          0        832     0.1
WORK-H    936,640  1,217,280   1.30    966,516    662,976  5,185,472    83.8

named=982,007 (80.3% of ALL)  VBI 2:1720 3:292 4:18 5+:8 max:19 total:2038  slips=0
extras: gNdsR2CubicEvals=290,076
Wrote artifacts\performance\2026-08-16_anim-itcm\a1.json
