warning: suggest parentheses around comparison in operand of '^' [-Wparentheses]
 3724 |         for (i = 0; i < ARRAY_COUNT(this_fp->attack_colls) ^ 0; i++) // XOR 0 ???
D:/Stuff/DevFolder/Smash64DS_Port/decomp/BattleShip-main/decomp/src/ft/ftmain.c:3732:50: warning: suggest parentheses around '&&' within '||' [-Wparentheses]
 3732 |             if ((other_fp->ga == nMPKineticsAir) && !(attack_coll->is_hit_air) || (other_fp->ga == nMPKineticsGround) && !(attack_coll->is_hit_ground))
      |                 ~~~~~~~~~~~~~~~~~~~~~~~~~~~~~~~~~^~~~~~~~~~~~~~~~~~~~~~~~~~~~~
D:/Stuff/DevFolder/Smash64DS_Port/decomp/BattleShip-main/decomp/src/ft/ftmain.c: In function 'battleship_ftMainProcParams':
D:/Stuff/DevFolder/Smash64DS_Port/decomp/BattleShip-main/decomp/src/ft/ftmain.c:4054:21: warning: unused variable 'unused' [-Wunused-variable]
 4054 |                 s32 unused;
      |                     ^~~~~~
D:/Stuff/DevFolder/Smash64DS_Port/decomp/BattleShip-main/decomp/src/ft/ftmain.c:3825:9: warning: unused variable 'element' [-Wunused-variable]
 3825 |     s32 element;
      |         ^~~~~~~
D:/Stuff/DevFolder/Smash64DS_Port/decomp/BattleShip-main/decomp/src/ft/ftmain.c: In function 'battleship_ftMainSetStatus':
D:/Stuff/DevFolder/Smash64DS_Port/decomp/BattleShip-main/decomp/src/ft/ftmain.c:4561:24: warning: assignment to 'FTOpeningDesc *' from incompatible pointer type 'FTOpeningDesc (*)[]' [-Wincompatible-pointer-types]
 4561 |         opening_struct = &D_ovl1_80390BE8;
      |                        ^
D:/Stuff/DevFolder/Smash64DS_Port/decomp/BattleShip-main/decomp/src/ft/ftmain.c:4623:54: warning: passing argument 1 of 'lbRelocGetForceExternHeapFile' makes pointer from integer without a cast [-Wint-conversion]
 4623 |             lbRelocGetForceExternHeapFile(motion_desc->anim_file_id, (void*) fp->figatree_heap);
      |                                           ~~~~~~~~~~~^~~~~~~~~~~~~~
      |                                                      |
      |                                                      u32 {aka long unsigned int}
In file included from D:/Stuff/DevFolder/Smash64DS_Port/src/import/battleship_ftmain.c:15:
D:/Stuff/DevFolder/Smash64DS_Port/include/ft/fighter.h:3687:49: note: expected 'const void *' but argument is of type 'u32' {aka 'long unsigned int'}
 3687 | void *lbRelocGetForceExternHeapFile(const void *file_id, void *heap);
      |                                     ~~~~~~~~~~~~^~~~~~~
D:/Stuff/DevFolder/Smash64DS_Port/decomp/BattleShip-main/decomp/src/ft/ftmain.c:4748:37: warning: comparison of integer expressions of different signedness: 'intptr_t' {aka 'int'} and 'unsigned int' [-Wsign-compare]
 4748 |             if (motion_desc->offset != 0x80000000)
      |                                     ^~
D:/Stuff/DevFolder/Smash64DS_Port/decomp/BattleShip-main/decomp/src/ft/ftmain.c:4753:37: warning: assignment to 'intptr_t' {aka 'int'} from 'void *' makes integer from pointer without a cast [-Wint-conversion]
 4753 |                     event_file_head = *fp->data->p_file_submotion;
      |                                     ^
D:/Stuff/DevFolder/Smash64DS_Port/decomp/BattleShip-main/decomp/src/ft/ftmain.c:4759:37: warning: assignment to 'intptr_t' {aka 'int'} from 'void *' makes integer from pointer without a cast [-Wint-conversion]
 4759 |                     event_file_head = *fp->data->p_file_mainmotion;
      |                                     ^
D:/Stuff/DevFolder/Smash64DS_Port/decomp/BattleShip-main/decomp/src/ft/ftmain.c:4770:37: warning: comparison of integer expressions of different signedness: 'intptr_t' {aka 'int'} and 'unsigned int' [-Wsign-compare]
 4770 |             if (motion_desc->offset != 0x80000000)
      |                                     ^~
D:/Stuff/DevFolder/Smash64DS_Port/decomp/BattleShip-main/decomp/src/ft/ftmain.c:4383:9: warning: unused variable 'unused3' [-Wunused-variable]
 4383 |     s32 unused3;
      |         ^~~~~~~
D:/Stuff/DevFolder/Smash64DS_Port/decomp/BattleShip-main/decomp/src/ft/ftmain.c:4379:9: warning: unused variable 'unused2' [-Wunused-variable]
 4379 |     s32 unused2;
      |         ^~~~~~~
D:/Stuff/DevFolder/Smash64DS_Port/decomp/BattleShip-main/decomp/src/ft/ftmain.c:4376:9: warning: unused variable 'unused1' [-Wunused-variable]
 4376 |     s32 unused1;
      |         ^~~~~~~
D:/Stuff/DevFolder/Smash64DS_Port/decomp/BattleShip-main/decomp/src/ft/ftmain.c: In function 'battleship_ftMainProcessHitCollisionStatsMain':
D:/Stuff/DevFolder/Smash64DS_Port/decomp/BattleShip-main/decomp/src/ft/ftmain.c:2845:12: warning: 'knockback_temp' may be used uninitialized [-Wmaybe-uninitialized]
 2845 |         if (knockback < knockback_temp)
      |            ^
D:/Stuff/DevFolder/Smash64DS_Port/decomp/BattleShip-main/decomp/src/ft/ftmain.c:2675:9: note: 'knockback_temp' was declared here
 2675 |     f32 knockback_temp;
      |         ^~~~~~~~~~~~~~
D:/Stuff/DevFolder/Smash64DS_Port/decomp/BattleShip-main/decomp/src/ft/ftmain.c:2855:19: warning: 'j' may be used uninitialized [-Wmaybe-uninitialized]
 2855 |     switch (hitlog->attacker_object_class)
      |             ~~~~~~^~~~~~~~~~~~~~~~~~~~~~~
D:/Stuff/DevFolder/Smash64DS_Port/decomp/BattleShip-main/decomp/src/ft/ftmain.c:2674:12: note: 'j' was declared here
 2674 |     s32 i, j;
      |            ^
linking smash64ds-battle-playable-tickhud-hwtri.elf
C:/devkitPro/devkitARM/bin/../lib/gcc/arm-none-eabi/15.2.0/../../../../arm-none-eabi/bin/ld.exe: warning: C:/devkitPro/devkitARM/bin/../lib/gcc/arm-none-eabi/15.2.0/thumb/crtn.o: missing .note.GNU-stack section implies executable stack
C:/devkitPro/devkitARM/bin/../lib/gcc/arm-none-eabi/15.2.0/../../../../arm-none-eabi/bin/ld.exe: NOTE: This behaviour is deprecated and will be removed in a future version of the linker
Nintendo DS rom tool 2.3.1 - Jan  8 2024
by Rafael Vuijk, Dave Murphy, Alexei Karpenko
built ... smash64ds-battle-playable-tickhud-hwtri.nds
