WARNING: cpuGetTiming() 2^22 timer-overflow artifact detected and CORRECTED on 5 of 1600 samples (one subtraction of 4,194,304 per affected bucket). The run's ALL median after correction is 1,117,632; a corrected value far from it would mean the row was a real stall and the correction wrong, so check these against it:
  frame 1056: ALL 5,311,744 -> 1,117,440, 3 bucket(s) corrected
  frame 1357: ALL 5,312,192 -> 1,117,888, 6 bucket(s) corrected
  frame 1629: ALL 5,872,576 -> 1,678,272, 3 bucket(s) corrected
  frame 1750: ALL 5,312,128 -> 1,117,824, 5 bucket(s) corrected
  frame 1961: ALL 5,312,064 -> 1,117,760, 3 bucket(s) corrected
Wrote artifacts\performance\2026-08-16_camera-ship\r0-rows.csv
Tick-HUD buckets: target=smash64ds-battle-playable-tickhud-hwtri samples=1600 frames=439..2038 melonDS=1.0 sha=DE80E46BDCF1FD98 git=f5e13aa3e27+dirty(8) dldi=ON

bucket p50        p95        spread mean       min        max        %ALLp50
------ ---        ---        ------ ----       ---        ---        -------
ALL     1,117,632  1,678,208   1.50  1,213,886  1,114,816  3,358,080   100.0
FTR       294,208    298,432   1.01    282,772    169,216    329,856    26.3
STG       175,104    182,912   1.04    176,555    171,008    188,608    15.7
BG          4,224      4,352   1.03      4,258      4,096      4,480     0.4
AUD         2,752      6,976   2.53      8,737      1,152    153,408     0.2
HUD         1,088    415,744 382.12     35,455        960  2,124,928     0.1
SRC       333,376    573,184   1.72    352,394     11,008  1,172,672    29.8
MISC      108,736    177,728   1.63    113,964     83,520    325,120     9.7
OTHR      221,568    480,768   2.17    239,750     20,736    578,688    19.8
WAIT      201,664    460,608   2.28    219,808        832    559,104    18.0
WORK      945,728  1,368,768   1.45    994,078    671,296  3,220,096    84.6
SHDT        4,608     82,048  17.81     14,544          0    453,056     0.4
SWRM        1,024      1,088   1.06        999        768      1,216     0.1
GCRA      328,000    567,936   1.73    346,871      6,656  1,167,232    29.3
SCPU       53,568    111,296   2.08     48,084          0    141,504     4.8
SCAT        1,344      1,536   1.14      1,340          0      1,792     0.1
SPRM        2,112      2,304   1.09      4,956          0    593,152     0.2
SINT      159,744    292,416   1.83    164,270          0    956,608    14.3
SPHD       72,768    109,056   1.50     72,325          0    462,848     6.5
SPHC          640        832   1.30        648          0      1,024     0.1
WORK-H    933,312  1,208,640   1.30    958,622    663,104  1,813,184    83.5

named=974,135 (80.2% of ALL)  VBI 2:1727 3:286 4:17 5+:8 max:19 total:2038  slips=0
extras: gNdsR2CameraFixedLookAtCalls=0  gNdsR2CameraFixedPerspCalls=0  gNdsR2CameraFixedFloatLookAtCalls=4,076  gNdsR2CameraFixedFloatPerspCalls=4,152  gNdsR2CameraFixedGameCalls=0  gNdsR2CameraFixedGameFloatCalls=4,076  gNdsR2CameraFixedSaturateCount=0  gNdsR2CameraFixedDegenerateCount=0  gNdsR2CameraFixedRescaleCount=0
Wrote artifacts\performance\2026-08-16_camera-ship\r0.json
